Archive member included to satisfy reference by file (symbol)

c:/program files (x86)/arm gnu toolchain arm-none-eabi/12.2 mpacbti-bet1/bin/../lib/gcc/arm-none-eabi/12.2.0/thumb/v7e-m+fp/hard\libc_nano.a(libc_a-exit.o)
                              c:/program files (x86)/arm gnu toolchain arm-none-eabi/12.2 mpacbti-bet1/bin/../lib/gcc/arm-none-eabi/12.2.0/thumb/v7e-m+fp/hard/crt0.o (exit)
c:/program files (x86)/arm gnu toolchain arm-none-eabi/12.2 mpacbti-bet1/bin/../lib/gcc/arm-none-eabi/12.2.0/thumb/v7e-m+fp/hard\libc_nano.a(libc_a-findfp.o)
                              c:/program files (x86)/arm gnu toolchain arm-none-eabi/12.2 mpacbti-bet1/bin/../lib/gcc/arm-none-eabi/12.2.0/thumb/v7e-m+fp/hard\libc_nano.a(libc_a-exit.o) (__stdio_exit_handler)
c:/program files (x86)/arm gnu toolchain arm-none-eabi/12.2 mpacbti-bet1/bin/../lib/gcc/arm-none-eabi/12.2.0/thumb/v7e-m+fp/hard\libc_nano.a(libc_a-fwalk.o)
                              c:/program files (x86)/arm gnu toolchain arm-none-eabi/12.2 mpacbti-bet1/bin/../lib/gcc/arm-none-eabi/12.2.0/thumb/v7e-m+fp/hard\libc_nano.a(libc_a-findfp.o) (_fwalk_sglue)
c:/program files (x86)/arm gnu toolchain arm-none-eabi/12.2 mpacbti-bet1/bin/../lib/gcc/arm-none-eabi/12.2.0/thumb/v7e-m+fp/hard\libc_nano.a(libc_a-stdio.o)
                              c:/program files (x86)/arm gnu toolchain arm-none-eabi/12.2 mpacbti-bet1/bin/../lib/gcc/arm-none-eabi/12.2.0/thumb/v7e-m+fp/hard\libc_nano.a(libc_a-findfp.o) (__sread)
c:/program files (x86)/arm gnu toolchain arm-none-eabi/12.2 mpacbti-bet1/bin/../lib/gcc/arm-none-eabi/12.2.0/thumb/v7e-m+fp/hard\libc_nano.a(libc_a-memset.o)
                              c:/program files (x86)/arm gnu toolchain arm-none-eabi/12.2 mpacbti-bet1/bin/../lib/gcc/arm-none-eabi/12.2.0/thumb/v7e-m+fp/hard/crt0.o (memset)
c:/program files (x86)/arm gnu toolchain arm-none-eabi/12.2 mpacbti-bet1/bin/../lib/gcc/arm-none-eabi/12.2.0/thumb/v7e-m+fp/hard\libc_nano.a(libc_a-closer.o)
                              c:/program files (x86)/arm gnu toolchain arm-none-eabi/12.2 mpacbti-bet1/bin/../lib/gcc/arm-none-eabi/12.2.0/thumb/v7e-m+fp/hard\libc_nano.a(libc_a-stdio.o) (_close_r)
c:/program files (x86)/arm gnu toolchain arm-none-eabi/12.2 mpacbti-bet1/bin/../lib/gcc/arm-none-eabi/12.2.0/thumb/v7e-m+fp/hard\libc_nano.a(libc_a-reent.o)
                              c:/program files (x86)/arm gnu toolchain arm-none-eabi/12.2 mpacbti-bet1/bin/../lib/gcc/arm-none-eabi/12.2.0/thumb/v7e-m+fp/hard\libc_nano.a(libc_a-closer.o) (errno)
c:/program files (x86)/arm gnu toolchain arm-none-eabi/12.2 mpacbti-bet1/bin/../lib/gcc/arm-none-eabi/12.2.0/thumb/v7e-m+fp/hard\libc_nano.a(libc_a-impure.o)
                              c:/program files (x86)/arm gnu toolchain arm-none-eabi/12.2 mpacbti-bet1/bin/../lib/gcc/arm-none-eabi/12.2.0/thumb/v7e-m+fp/hard\libc_nano.a(libc_a-reent.o) (_impure_ptr)
c:/program files (x86)/arm gnu toolchain arm-none-eabi/12.2 mpacbti-bet1/bin/../lib/gcc/arm-none-eabi/12.2.0/thumb/v7e-m+fp/hard\libc_nano.a(libc_a-lseekr.o)
                              c:/program files (x86)/arm gnu toolchain arm-none-eabi/12.2 mpacbti-bet1/bin/../lib/gcc/arm-none-eabi/12.2.0/thumb/v7e-m+fp/hard\libc_nano.a(libc_a-stdio.o) (_lseek_r)
c:/program files (x86)/arm gnu toolchain arm-none-eabi/12.2 mpacbti-bet1/bin/../lib/gcc/arm-none-eabi/12.2.0/thumb/v7e-m+fp/hard\libc_nano.a(libc_a-readr.o)
                              c:/program files (x86)/arm gnu toolchain arm-none-eabi/12.2 mpacbti-bet1/bin/../lib/gcc/arm-none-eabi/12.2.0/thumb/v7e-m+fp/hard\libc_nano.a(libc_a-stdio.o) (_read_r)
c:/program files (x86)/arm gnu toolchain arm-none-eabi/12.2 mpacbti-bet1/bin/../lib/gcc/arm-none-eabi/12.2.0/thumb/v7e-m+fp/hard\libc_nano.a(libc_a-writer.o)
                              c:/program files (x86)/arm gnu toolchain arm-none-eabi/12.2 mpacbti-bet1/bin/../lib/gcc/arm-none-eabi/12.2.0/thumb/v7e-m+fp/hard\libc_nano.a(libc_a-stdio.o) (_write_r)
c:/program files (x86)/arm gnu toolchain arm-none-eabi/12.2 mpacbti-bet1/bin/../lib/gcc/arm-none-eabi/12.2.0/thumb/v7e-m+fp/hard\libc_nano.a(libc_a-init.o)
                              c:/program files (x86)/arm gnu toolchain arm-none-eabi/12.2 mpacbti-bet1/bin/../lib/gcc/arm-none-eabi/12.2.0/thumb/v7e-m+fp/hard/crt0.o (__libc_init_array)
c:/program files (x86)/arm gnu toolchain arm-none-eabi/12.2 mpacbti-bet1/bin/../lib/gcc/arm-none-eabi/12.2.0/thumb/v7e-m+fp/hard\libc_nano.a(libc_a-lock.o)
                              c:/program files (x86)/arm gnu toolchain arm-none-eabi/12.2 mpacbti-bet1/bin/../lib/gcc/arm-none-eabi/12.2.0/thumb/v7e-m+fp/hard\libc_nano.a(libc_a-findfp.o) (__retarget_lock_init_recursive)
c:/program files (x86)/arm gnu toolchain arm-none-eabi/12.2 mpacbti-bet1/bin/../lib/gcc/arm-none-eabi/12.2.0/thumb/v7e-m+fp/hard\libc_nano.a(libc_a-memcpy-stub.o)
                              build/main.o (memcpy)
[...]
Memory Configuration

Name             Origin             Length             Attributes
RAM              0x20000000         0x00003000         xrw
CCMRAM           0x10000000         0x00001000         xrw
FLASH            0x08000000         0x00010000         xr
*default*        0x00000000         0xffffffff

Linker script and memory map

LOAD c:/program files (x86)/arm gnu toolchain arm-none-eabi/12.2 mpacbti-bet1/bin/../lib/gcc/arm-none-eabi/12.2.0/thumb/v7e-m+fp/hard/crti.o
LOAD c:/program files (x86)/arm gnu toolchain arm-none-eabi/12.2 mpacbti-bet1/bin/../lib/gcc/arm-none-eabi/12.2.0/thumb/v7e-m+fp/hard/crtbegin.o
LOAD c:/program files (x86)/arm gnu toolchain arm-none-eabi/12.2 mpacbti-bet1/bin/../lib/gcc/arm-none-eabi/12.2.0/thumb/v7e-m+fp/hard/crt0.o
LOAD build/adf4002.o
LOAD build/dma.o
LOAD build/gpio.o
LOAD build/hrtim.o
LOAD build/i2c.o
LOAD build/main.o
LOAD build/printf.o
LOAD build/sd_card_spi.o
LOAD build/spi.o
LOAD build/stm32f3xx_hal_msp.o
LOAD build/stm32f3xx_it.o
LOAD build/system_stm32f3xx.o
LOAD build/tim.o
LOAD build/ublox.o
LOAD build/usart.o
LOAD build/stm32f3xx_hal.o
LOAD build/stm32f3xx_hal_cortex.o
LOAD build/stm32f3xx_hal_dma.o
LOAD build/stm32f3xx_hal_exti.o
LOAD build/stm32f3xx_hal_flash.o
LOAD build/stm32f3xx_hal_flash_ex.o
LOAD build/stm32f3xx_hal_gpio.o
LOAD build/stm32f3xx_hal_hrtim.o
LOAD build/stm32f3xx_hal_i2c.o
LOAD build/stm32f3xx_hal_i2c_ex.o
LOAD build/stm32f3xx_hal_pwr.o
LOAD build/stm32f3xx_hal_pwr_ex.o
LOAD build/stm32f3xx_hal_rcc.o
LOAD build/stm32f3xx_hal_rcc_ex.o
LOAD build/stm32f3xx_hal_spi.o
LOAD build/stm32f3xx_hal_spi_ex.o
LOAD build/stm32f3xx_hal_tim.o
LOAD build/stm32f3xx_hal_tim_ex.o
LOAD build/stm32f3xx_hal_uart.o
LOAD build/stm32f3xx_hal_uart_ex.o
LOAD build/fatfs.o
LOAD build/user_diskio.o
LOAD build/diskio.o
LOAD build/ff.o
LOAD build/ff_gen_drv.o
LOAD build/syscall.o
LOAD build/startup_stm32f334x8.o
LOAD c:/program files (x86)/arm gnu toolchain arm-none-eabi/12.2 mpacbti-bet1/bin/../lib/gcc/arm-none-eabi/12.2.0/thumb/v7e-m+fp/hard\libc_nano.a
LOAD c:/program files (x86)/arm gnu toolchain arm-none-eabi/12.2 mpacbti-bet1/bin/../lib/gcc/arm-none-eabi/12.2.0/thumb/v7e-m+fp/hard\libm.a
LOAD c:/program files (x86)/arm gnu toolchain arm-none-eabi/12.2 mpacbti-bet1/bin/../lib/gcc/arm-none-eabi/12.2.0/thumb/v7e-m+fp/hard\libnosys.a
START GROUP
LOAD c:/program files (x86)/arm gnu toolchain arm-none-eabi/12.2 mpacbti-bet1/bin/../lib/gcc/arm-none-eabi/12.2.0/thumb/v7e-m+fp/hard\libgcc.a
LOAD c:/program files (x86)/arm gnu toolchain arm-none-eabi/12.2 mpacbti-bet1/bin/../lib/gcc/arm-none-eabi/12.2.0/thumb/v7e-m+fp/hard\libc_nano.a
END GROUP
START GROUP
LOAD c:/program files (x86)/arm gnu toolchain arm-none-eabi/12.2 mpacbti-bet1/bin/../lib/gcc/arm-none-eabi/12.2.0/thumb/v7e-m+fp/hard\libgcc.a
LOAD c:/program files (x86)/arm gnu toolchain arm-none-eabi/12.2 mpacbti-bet1/bin/../lib/gcc/arm-none-eabi/12.2.0/thumb/v7e-m+fp/hard\libc_nano.a
END GROUP
LOAD c:/program files (x86)/arm gnu toolchain arm-none-eabi/12.2 mpacbti-bet1/bin/../lib/gcc/arm-none-eabi/12.2.0/thumb/v7e-m+fp/hard/crtend.o
LOAD c:/program files (x86)/arm gnu toolchain arm-none-eabi/12.2 mpacbti-bet1/bin/../lib/gcc/arm-none-eabi/12.2.0/thumb/v7e-m+fp/hard/crtn.o
                0x20003000                        _estack = (ORIGIN (RAM) + LENGTH (RAM))
                0x00000200                        _Min_Heap_Size = 0x200
                0x00000400                        _Min_Stack_Size = 0x400

.isr_vector     0x08000000      0x188
                0x08000000                        . = ALIGN (0x4)
 *(.isr_vector)
 .isr_vector    0x08000000      0x188 build/startup_stm32f334x8.o
                0x08000000                g_pfnVectors
                0x08000188                        . = ALIGN (0x4)

.text           0x08000188     0x4d54
                0x08000188                        . = ALIGN (0x4)
 *(.text)
 .text          0x08000188       0x30 c:/program files (x86)/arm gnu toolchain arm-none-eabi/12.2 mpacbti-bet1/bin/../lib/gcc/arm-none-eabi/12.2.0/thumb/v7e-m+fp/hard\libgcc.a(_aeabi_uldivmod.o)
                0x08000188                __aeabi_uldivmod
 .text          0x080001b8        0x4 c:/program files (x86)/arm gnu toolchain arm-none-eabi/12.2 mpacbti-bet1/bin/../lib/gcc/arm-none-eabi/12.2.0/thumb/v7e-m+fp/hard\libgcc.a(_dvmd_tls.o)
                0x080001b8                __aeabi_idiv0
                0x080001b8                __aeabi_ldiv0
 *(.text*)
 .text.deregister_tm_clones
                0x080001bc       0x1c c:/program files (x86)/arm gnu toolchain arm-none-eabi/12.2 mpacbti-bet1/bin/../lib/gcc/arm-none-eabi/12.2.0/thumb/v7e-m+fp/hard/crtbegin.o
 .text.register_tm_clones
                0x080001d8       0x24 c:/program files (x86)/arm gnu toolchain arm-none-eabi/12.2 mpacbti-bet1/bin/../lib/gcc/arm-none-eabi/12.2.0/thumb/v7e-m+fp/hard/crtbegin.o
 .text.__do_global_dtors_aux
                0x080001fc       0x28 c:/program files (x86)/arm gnu toolchain arm-none-eabi/12.2 mpacbti-bet1/bin/../lib/gcc/arm-none-eabi/12.2.0/thumb/v7e-m+fp/hard/crtbegin.o
 .text.frame_dummy
                0x08000224       0x24 c:/program files (x86)/arm gnu toolchain arm-none-eabi/12.2 mpacbti-bet1/bin/../lib/gcc/arm-none-eabi/12.2.0/thumb/v7e-m+fp/hard/crtbegin.o
 .text.adf_init_mem
                0x08000248       0x1c build/adf4002.o
                0x08000248                adf_init_mem
 .text.adf_enable_chip
                0x08000264        0xe build/adf4002.o
                0x08000264                adf_enable_chip
 .text.adf_disable_chip
                0x08000272        0xe build/adf4002.o
                0x08000272                adf_disable_chip
 .text.adf_write_latch
                0x08000280       0x42 build/adf4002.o
                0x08000280                adf_write_latch
 .text.adf_init_chip
                0x080002c2       0x52 build/adf4002.o
                0x080002c2                adf_init_chip
 .text.adf_set_n_counter
                0x08000314       0x28 build/adf4002.o
                0x08000314                adf_set_n_counter
 .text.adf_set_r_counter
                0x0800033c       0x22 build/adf4002.o
                0x0800033c                adf_set_r_counter
 *fill*         0x0800035e        0x2 
 .text.MX_DMA_Init
                0x08000360       0x44 build/dma.o
                0x08000360                MX_DMA_Init
 .text.MX_GPIO_Init
                0x080003a4      0x19c build/gpio.o
                0x080003a4                MX_GPIO_Init
 .text.HAL_HRTIM_MspInit
                0x08000540       0x2c build/hrtim.o
                0x08000540                HAL_HRTIM_MspInit
 .text.HAL_HRTIM_MspPostInit
                0x0800056c       0x58 build/hrtim.o
                0x0800056c                HAL_HRTIM_MspPostInit
 .text.MX_HRTIM1_Init
                0x080005c4      0x120 build/hrtim.o
                0x080005c4                MX_HRTIM1_Init
 .text.MX_I2C1_Init
                0x080006e4       0x58 build/i2c.o
                0x080006e4                MX_I2C1_Init
 .text.HAL_I2C_MspInit
                0x0800073c       0x68 build/i2c.o
                0x0800073c                HAL_I2C_MspInit
 .text.init_field_mem
                0x080007a4       0x82 build/main.o
                0x080007a4                init_field_mem
 *fill*         0x08000826        0x2 
 .text.get_microseconds
                0x08000828        0xc build/main.o
                0x08000828                get_microseconds
 .text.HAL_UART_RxCpltCallback
                0x08000834       0x74 build/main.o
                0x08000834                HAL_UART_RxCpltCallback
 .text.HAL_TIM_PeriodElapsedCallback
                0x080008a8      0x154 build/main.o
                0x080008a8                HAL_TIM_PeriodElapsedCallback
 .text.HAL_GPIO_EXTI_Callback
                0x080009fc       0x30 build/main.o
                0x080009fc                HAL_GPIO_EXTI_Callback
 .text.Error_Handler
                0x08000a2c        0x4 build/main.o
                0x08000a2c                Error_Handler
 .text.SystemClock_Config
                0x08000a30       0xa4 build/main.o
                0x08000a30                SystemClock_Config
 .text.main     0x08000ad4      0x2b8 build/main.o
                0x08000ad4                main
 .text.xchg_spi
                0x08000d8c       0x2c build/sd_card_spi.o
 .text.wait_ready
                0x08000db8       0x2a build/sd_card_spi.o
 .text.rcvr_spi_multi
                0x08000de2       0x1a build/sd_card_spi.o
 .text.xmit_spi_multi
                0x08000dfc       0x18 build/sd_card_spi.o
 .text.xmit_datablock
                0x08000e14       0x4c build/sd_card_spi.o
 .text.despiselect
                0x08000e60       0x18 build/sd_card_spi.o
 .text.spiselect
                0x08000e78       0x30 build/sd_card_spi.o
 .text.send_cmd
                0x08000ea8       0x8c build/sd_card_spi.o
 .text.SPI_Timer_On
                0x08000f34       0x1c build/sd_card_spi.o
                0x08000f34                SPI_Timer_On
 .text.SPI_Timer_Status
                0x08000f50       0x24 build/sd_card_spi.o
                0x08000f50                SPI_Timer_Status
 .text.rcvr_datablock
                0x08000f74       0x40 build/sd_card_spi.o
 .text.USER_SPI_initialize
                0x08000fb4      0x170 build/sd_card_spi.o
                0x08000fb4                USER_SPI_initialize
 .text.USER_SPI_status
                0x08001124       0x14 build/sd_card_spi.o
                0x08001124                USER_SPI_status
 .text.USER_SPI_read
                0x08001138       0x8c build/sd_card_spi.o
                0x08001138                USER_SPI_read
 .text.USER_SPI_write
                0x080011c4       0xb0 build/sd_card_spi.o
                0x080011c4                USER_SPI_write
 .text.USER_SPI_ioctl
                0x08001274      0x224 build/sd_card_spi.o
                0x08001274                USER_SPI_ioctl
 .text.MX_SPI1_Init
                0x08001498       0x4c build/spi.o
                0x08001498                MX_SPI1_Init
 .text.HAL_SPI_MspInit
                0x080014e4       0x68 build/spi.o
                0x080014e4                HAL_SPI_MspInit
 .text.HAL_MspInit
                0x0800154c       0x30 build/stm32f3xx_hal_msp.o
                0x0800154c                HAL_MspInit
 .text.NMI_Handler
                0x0800157c        0x2 build/stm32f3xx_it.o
                0x0800157c                NMI_Handler
 .text.HardFault_Handler
                0x0800157e        0x2 build/stm32f3xx_it.o
                0x0800157e                HardFault_Handler
 .text.MemManage_Handler
                0x08001580        0x2 build/stm32f3xx_it.o
                0x08001580                MemManage_Handler
 .text.BusFault_Handler
                0x08001582        0x2 build/stm32f3xx_it.o
                0x08001582                BusFault_Handler
 .text.UsageFault_Handler
                0x08001584        0x2 build/stm32f3xx_it.o
                0x08001584                UsageFault_Handler
 .text.SVC_Handler
                0x08001586        0x2 build/stm32f3xx_it.o
                0x08001586                SVC_Handler
 .text.DebugMon_Handler
                0x08001588        0x2 build/stm32f3xx_it.o
                0x08001588                DebugMon_Handler
 .text.PendSV_Handler
                0x0800158a        0x2 build/stm32f3xx_it.o
                0x0800158a                PendSV_Handler
 .text.SysTick_Handler
                0x0800158c        0x8 build/stm32f3xx_it.o
                0x0800158c                SysTick_Handler
 .text.EXTI0_IRQHandler
                0x08001594        0xa build/stm32f3xx_it.o
                0x08001594                EXTI0_IRQHandler
 .text.EXTI1_IRQHandler
                0x0800159e        0xa build/stm32f3xx_it.o
                0x0800159e                EXTI1_IRQHandler
 .text.EXTI2_TSC_IRQHandler
                0x080015a8        0xa build/stm32f3xx_it.o
                0x080015a8                EXTI2_TSC_IRQHandler
 .text.EXTI3_IRQHandler
                0x080015b2        0xa build/stm32f3xx_it.o
                0x080015b2                EXTI3_IRQHandler
 .text.DMA1_Channel2_IRQHandler
                0x080015bc       0x10 build/stm32f3xx_it.o
                0x080015bc                DMA1_Channel2_IRQHandler
 .text.DMA1_Channel3_IRQHandler
                0x080015cc       0x10 build/stm32f3xx_it.o
                0x080015cc                DMA1_Channel3_IRQHandler
 .text.TIM1_BRK_TIM15_IRQHandler
                0x080015dc       0x10 build/stm32f3xx_it.o
                0x080015dc                TIM1_BRK_TIM15_IRQHandler
 .text.TIM1_UP_TIM16_IRQHandler
                0x080015ec       0x10 build/stm32f3xx_it.o
                0x080015ec                TIM1_UP_TIM16_IRQHandler
 .text.TIM1_TRG_COM_TIM17_IRQHandler
                0x080015fc       0x10 build/stm32f3xx_it.o
                0x080015fc                TIM1_TRG_COM_TIM17_IRQHandler
 .text.TIM1_CC_IRQHandler
                0x0800160c       0x10 build/stm32f3xx_it.o
                0x0800160c                TIM1_CC_IRQHandler
 .text.TIM2_IRQHandler
                0x0800161c       0x10 build/stm32f3xx_it.o
                0x0800161c                TIM2_IRQHandler
 .text.USART3_IRQHandler
                0x0800162c       0x10 build/stm32f3xx_it.o
                0x0800162c                USART3_IRQHandler
 .text.SystemInit
                0x0800163c       0x14 build/system_stm32f3xx.o
                0x0800163c                SystemInit
 .text.MX_TIM1_Init
                0x08001650       0x74 build/tim.o
                0x08001650                MX_TIM1_Init
 .text.MX_TIM2_Init
                0x080016c4       0x6c build/tim.o
                0x080016c4                MX_TIM2_Init
 .text.HAL_TIM_Base_MspInit
                0x08001730       0xa0 build/tim.o
                0x08001730                HAL_TIM_Base_MspInit
 .text.ublox_init
                0x080017d0        0xa build/ublox.o
                0x080017d0                ublox_init
 *fill*         0x080017da        0x2 
 .text.MX_USART1_UART_Init
                0x080017dc       0x38 build/usart.o
                0x080017dc                MX_USART1_UART_Init
 .text.MX_USART3_UART_Init
                0x08001814       0x38 build/usart.o
                0x08001814                MX_USART3_UART_Init
 .text.HAL_UART_MspInit
                0x0800184c      0x130 build/usart.o
                0x0800184c                HAL_UART_MspInit
 .text.HAL_InitTick
                0x0800197c       0x4c build/stm32f3xx_hal.o
                0x0800197c                HAL_InitTick
 .text.HAL_Init
                0x080019c8       0x24 build/stm32f3xx_hal.o
                0x080019c8                HAL_Init
 .text.HAL_IncTick
                0x080019ec       0x18 build/stm32f3xx_hal.o
                0x080019ec                HAL_IncTick
 .text.HAL_GetTick
                0x08001a04        0xc build/stm32f3xx_hal.o
                0x08001a04                HAL_GetTick
 .text.HAL_Delay
                0x08001a10       0x28 build/stm32f3xx_hal.o
                0x08001a10                HAL_Delay
 .text.__NVIC_SetPriority
                0x08001a38       0x28 build/stm32f3xx_hal_cortex.o
 .text.NVIC_EncodePriority
                0x08001a60       0x3e build/stm32f3xx_hal_cortex.o
 *fill*         0x08001a9e        0x2 
 .text.HAL_NVIC_SetPriorityGrouping
                0x08001aa0       0x24 build/stm32f3xx_hal_cortex.o
                0x08001aa0                HAL_NVIC_SetPriorityGrouping
 .text.HAL_NVIC_SetPriority
                0x08001ac4       0x20 build/stm32f3xx_hal_cortex.o
                0x08001ac4                HAL_NVIC_SetPriority
 .text.HAL_NVIC_EnableIRQ
                0x08001ae4       0x1c build/stm32f3xx_hal_cortex.o
                0x08001ae4                HAL_NVIC_EnableIRQ
 .text.HAL_SYSTICK_Config
                0x08001b00       0x28 build/stm32f3xx_hal_cortex.o
                0x08001b00                HAL_SYSTICK_Config
 .text.DMA_SetConfig
                0x08001b28       0x2c build/stm32f3xx_hal_dma.o
 .text.DMA_CalcBaseAndBitshift
                0x08001b54       0x24 build/stm32f3xx_hal_dma.o
 .text.HAL_DMA_Init
                0x08001b78       0x50 build/stm32f3xx_hal_dma.o
                0x08001b78                HAL_DMA_Init
 .text.HAL_DMA_Start_IT
                0x08001bc8       0x74 build/stm32f3xx_hal_dma.o
                0x08001bc8                HAL_DMA_Start_IT
 .text.HAL_DMA_Abort
                0x08001c3c       0x44 build/stm32f3xx_hal_dma.o
                0x08001c3c                HAL_DMA_Abort
 .text.HAL_DMA_Abort_IT
                0x08001c80       0x4a build/stm32f3xx_hal_dma.o
                0x08001c80                HAL_DMA_Abort_IT
 .text.HAL_DMA_IRQHandler
                0x08001cca       0xb2 build/stm32f3xx_hal_dma.o
                0x08001cca                HAL_DMA_IRQHandler
 .text.HAL_GPIO_Init
                0x08001d7c      0x1bc build/stm32f3xx_hal_gpio.o
                0x08001d7c                HAL_GPIO_Init
 .text.HAL_GPIO_WritePin
                0x08001f38        0xa build/stm32f3xx_hal_gpio.o
                0x08001f38                HAL_GPIO_WritePin
 *fill*         0x08001f42        0x2 
 .text.HAL_GPIO_EXTI_IRQHandler
                0x08001f44       0x1c build/stm32f3xx_hal_gpio.o
                0x08001f44                HAL_GPIO_EXTI_IRQHandler
 .text.HRTIM_MasterBase_Config
                0x08001f60       0x2a build/stm32f3xx_hal_hrtim.o
 .text.HRTIM_TimingUnitBase_Config
                0x08001f8a       0x40 build/stm32f3xx_hal_hrtim.o
 .text.HRTIM_MasterWaveform_Config
                0x08001fca       0x58 build/stm32f3xx_hal_hrtim.o
 .text.HRTIM_TimingUnitWaveform_Config
                0x08002022      0x14c build/stm32f3xx_hal_hrtim.o
 *fill*         0x0800216e        0x2 
 .text.HRTIM_OutputConfig
                0x08002170       0xe0 build/stm32f3xx_hal_hrtim.o
 .text.HRTIM_ForceRegistersUpdate
                0x08002250       0x6e build/stm32f3xx_hal_hrtim.o
 *fill*         0x080022be        0x2 
 .text.HAL_HRTIM_Init
                0x080022c0       0xd4 build/stm32f3xx_hal_hrtim.o
                0x080022c0                HAL_HRTIM_Init
 .text.HAL_HRTIM_DLLCalibrationStart
                0x08002394       0x72 build/stm32f3xx_hal_hrtim.o
                0x08002394                HAL_HRTIM_DLLCalibrationStart
 .text.HAL_HRTIM_PollForDLLCalibration
                0x08002406       0x44 build/stm32f3xx_hal_hrtim.o
                0x08002406                HAL_HRTIM_PollForDLLCalibration
 .text.HAL_HRTIM_TimeBaseConfig
                0x0800244a       0x32 build/stm32f3xx_hal_hrtim.o
                0x0800244a                HAL_HRTIM_TimeBaseConfig
 .text.HAL_HRTIM_WaveformTimerConfig
                0x0800247c       0x70 build/stm32f3xx_hal_hrtim.o
                0x0800247c                HAL_HRTIM_WaveformTimerConfig
 .text.HAL_HRTIM_WaveformCompareConfig
                0x080024ec      0x1c2 build/stm32f3xx_hal_hrtim.o
                0x080024ec                HAL_HRTIM_WaveformCompareConfig
 .text.HAL_HRTIM_WaveformOutputConfig
                0x080026ae       0x38 build/stm32f3xx_hal_hrtim.o
                0x080026ae                HAL_HRTIM_WaveformOutputConfig
 .text.HAL_HRTIM_WaveformOutputStop
                0x080026e6       0x38 build/stm32f3xx_hal_hrtim.o
                0x080026e6                HAL_HRTIM_WaveformOutputStop
 .text.HAL_I2C_Init
                0x0800271e       0xbc build/stm32f3xx_hal_i2c.o
                0x0800271e                HAL_I2C_Init
 .text.HAL_I2CEx_ConfigAnalogFilter
                0x080027da       0x5c build/stm32f3xx_hal_i2c_ex.o
                0x080027da                HAL_I2CEx_ConfigAnalogFilter
 .text.HAL_I2CEx_ConfigDigitalFilter
                0x08002836       0x58 build/stm32f3xx_hal_i2c_ex.o
                0x08002836                HAL_I2CEx_ConfigDigitalFilter
 *fill*         0x0800288e        0x2 
 .text.HAL_RCC_OscConfig
                0x08002890      0x630 build/stm32f3xx_hal_rcc.o
                0x08002890                HAL_RCC_OscConfig
 .text.HAL_RCC_MCOConfig
                0x08002ec0       0x50 build/stm32f3xx_hal_rcc.o
                0x08002ec0                HAL_RCC_MCOConfig
 .text.HAL_RCC_GetSysClockFreq
                0x08002f10       0x7c build/stm32f3xx_hal_rcc.o
                0x08002f10                HAL_RCC_GetSysClockFreq
 .text.HAL_RCC_ClockConfig
                0x08002f8c      0x1a8 build/stm32f3xx_hal_rcc.o
                0x08002f8c                HAL_RCC_ClockConfig
 .text.HAL_RCC_GetHCLKFreq
                0x08003134        0xc build/stm32f3xx_hal_rcc.o
                0x08003134                HAL_RCC_GetHCLKFreq
 .text.HAL_RCC_GetPCLK1Freq
                0x08003140       0x2c build/stm32f3xx_hal_rcc.o
                0x08003140                HAL_RCC_GetPCLK1Freq
 .text.HAL_RCC_GetPCLK2Freq
                0x0800316c       0x2c build/stm32f3xx_hal_rcc.o
                0x0800316c                HAL_RCC_GetPCLK2Freq
 .text.HAL_RCCEx_PeriphCLKConfig
                0x08003198      0x1a4 build/stm32f3xx_hal_rcc_ex.o
                0x08003198                HAL_RCCEx_PeriphCLKConfig
 .text.SPI_WaitFlagStateUntilTimeout
                0x0800333c       0xc8 build/stm32f3xx_hal_spi.o
 .text.SPI_WaitFifoStateUntilTimeout
                0x08003404       0xf0 build/stm32f3xx_hal_spi.o
 .text.SPI_EndRxTxTransaction
                0x080034f4       0x62 build/stm32f3xx_hal_spi.o
 .text.HAL_SPI_Init
                0x08003556       0xde build/stm32f3xx_hal_spi.o
                0x08003556                HAL_SPI_Init
 .text.HAL_SPI_Transmit
                0x08003634      0x1fe build/stm32f3xx_hal_spi.o
                0x08003634                HAL_SPI_Transmit
 .text.HAL_SPI_TransmitReceive
                0x08003832      0x2ec build/stm32f3xx_hal_spi.o
                0x08003832                HAL_SPI_TransmitReceive
 .text.TIM_TI1_ConfigInputStage
                0x08003b1e       0x26 build/stm32f3xx_hal_tim.o
 .text.TIM_TI2_ConfigInputStage
                0x08003b44       0x28 build/stm32f3xx_hal_tim.o
 .text.TIM_ITRx_SetConfig
                0x08003b6c       0x10 build/stm32f3xx_hal_tim.o
 .text.HAL_TIM_Base_Stop
                0x08003b7c       0x28 build/stm32f3xx_hal_tim.o
                0x08003b7c                HAL_TIM_Base_Stop
 .text.HAL_TIM_Base_Start_IT
                0x08003ba4       0x74 build/stm32f3xx_hal_tim.o
                0x08003ba4                HAL_TIM_Base_Start_IT
 .text.HAL_TIM_OC_DelayElapsedCallback
                0x08003c18        0x2 build/stm32f3xx_hal_tim.o
                0x08003c18                HAL_TIM_OC_DelayElapsedCallback
 .text.HAL_TIM_IC_CaptureCallback
                0x08003c1a        0x2 build/stm32f3xx_hal_tim.o
                0x08003c1a                HAL_TIM_IC_CaptureCallback
 .text.HAL_TIM_PWM_PulseFinishedCallback
                0x08003c1c        0x2 build/stm32f3xx_hal_tim.o
                0x08003c1c                HAL_TIM_PWM_PulseFinishedCallback
 .text.HAL_TIM_TriggerCallback
                0x08003c1e        0x2 build/stm32f3xx_hal_tim.o
                0x08003c1e                HAL_TIM_TriggerCallback
 .text.HAL_TIM_IRQHandler
                0x08003c20      0x19a build/stm32f3xx_hal_tim.o
                0x08003c20                HAL_TIM_IRQHandler
 *fill*         0x08003dba        0x2 
 .text.TIM_Base_SetConfig
                0x08003dbc       0x90 build/stm32f3xx_hal_tim.o
                0x08003dbc                TIM_Base_SetConfig
 .text.HAL_TIM_Base_Init
                0x08003e4c       0x60 build/stm32f3xx_hal_tim.o
                0x08003e4c                HAL_TIM_Base_Init
 .text.TIM_ETR_SetConfig
                0x08003eac       0x1a build/stm32f3xx_hal_tim.o
                0x08003eac                TIM_ETR_SetConfig
 *fill*         0x08003ec6        0x2 
 .text.HAL_TIM_ConfigClockSource
                0x08003ec8      0x100 build/stm32f3xx_hal_tim.o
                0x08003ec8                HAL_TIM_ConfigClockSource
 .text.HAL_TIMEx_MasterConfigSynchronization
                0x08003fc8       0x78 build/stm32f3xx_hal_tim_ex.o
                0x08003fc8                HAL_TIMEx_MasterConfigSynchronization
 .text.HAL_TIMEx_CommutCallback
                0x08004040        0x2 build/stm32f3xx_hal_tim_ex.o
                0x08004040                HAL_TIMEx_CommutCallback
 .text.HAL_TIMEx_BreakCallback
                0x08004042        0x2 build/stm32f3xx_hal_tim_ex.o
                0x08004042                HAL_TIMEx_BreakCallback
 .text.HAL_TIMEx_Break2Callback
                0x08004044        0x2 build/stm32f3xx_hal_tim_ex.o
                0x08004044                HAL_TIMEx_Break2Callback
 .text.UART_EndTxTransfer
                0x08004046       0x18 build/stm32f3xx_hal_uart.o
 .text.UART_EndRxTransfer
                0x0800405e       0x52 build/stm32f3xx_hal_uart.o
 .text.HAL_UART_Transmit_DMA
                0x080040b0       0x98 build/stm32f3xx_hal_uart.o
                0x080040b0                HAL_UART_Transmit_DMA
 .text.HAL_UART_TxCpltCallback
                0x08004148        0x2 build/stm32f3xx_hal_uart.o
                0x08004148                HAL_UART_TxCpltCallback
 .text.UART_DMATransmitCplt
                0x0800414a       0x44 build/stm32f3xx_hal_uart.o
 .text.UART_EndTransmit_IT
                0x0800418e       0x22 build/stm32f3xx_hal_uart.o
 .text.HAL_UART_TxHalfCpltCallback
                0x080041b0        0x2 build/stm32f3xx_hal_uart.o
                0x080041b0                HAL_UART_TxHalfCpltCallback
 .text.UART_DMATxHalfCplt
                0x080041b2        0xa build/stm32f3xx_hal_uart.o
 .text.HAL_UART_RxHalfCpltCallback
                0x080041bc        0x2 build/stm32f3xx_hal_uart.o
                0x080041bc                HAL_UART_RxHalfCpltCallback
 .text.HAL_UART_ErrorCallback
                0x080041be        0x2 build/stm32f3xx_hal_uart.o
                0x080041be                HAL_UART_ErrorCallback
 .text.UART_DMAError
                0x080041c0       0x56 build/stm32f3xx_hal_uart.o
 .text.UART_DMAAbortOnError
                0x08004216       0x14 build/stm32f3xx_hal_uart.o
 .text.HAL_UARTEx_RxEventCallback
                0x0800422a        0x2 build/stm32f3xx_hal_uart.o
                0x0800422a                HAL_UARTEx_RxEventCallback
 .text.HAL_UART_IRQHandler
                0x0800422c      0x2e8 build/stm32f3xx_hal_uart.o
                0x0800422c                HAL_UART_IRQHandler
 .text.UART_DMARxHalfCplt
                0x08004514       0x20 build/stm32f3xx_hal_uart.o
 .text.UART_DMAReceiveCplt
                0x08004534       0x8e build/stm32f3xx_hal_uart.o
 *fill*         0x080045c2        0x2 
 .text.UART_SetConfig
                0x080045c4      0x164 build/stm32f3xx_hal_uart.o
                0x080045c4                UART_SetConfig
 .text.UART_AdvFeatureConfig
                0x08004728       0xca build/stm32f3xx_hal_uart.o
                0x08004728                UART_AdvFeatureConfig
 .text.UART_WaitOnFlagUntilTimeout
                0x080047f2       0x96 build/stm32f3xx_hal_uart.o
                0x080047f2                UART_WaitOnFlagUntilTimeout
 .text.UART_CheckIdleState
                0x08004888       0xc6 build/stm32f3xx_hal_uart.o
                0x08004888                UART_CheckIdleState
 .text.HAL_UART_Init
                0x0800494e       0x62 build/stm32f3xx_hal_uart.o
                0x0800494e                HAL_UART_Init
 .text.UART_Start_Receive_DMA
                0x080049b0       0xa8 build/stm32f3xx_hal_uart.o
                0x080049b0                UART_Start_Receive_DMA
 .text.HAL_UART_Receive_DMA
                0x08004a58       0x40 build/stm32f3xx_hal_uart.o
                0x08004a58                HAL_UART_Receive_DMA
 .text.HAL_UARTEx_WakeupCallback
                0x08004a98        0x2 build/stm32f3xx_hal_uart_ex.o
                0x08004a98                HAL_UARTEx_WakeupCallback
 *fill*         0x08004a9a        0x2 
 .text.MX_FATFS_Init
                0x08004a9c       0x1c build/fatfs.o
                0x08004a9c                MX_FATFS_Init
 .text.USER_initialize
                0x08004ab8        0x8 build/user_diskio.o
                0x08004ab8                USER_initialize
 .text.USER_status
                0x08004ac0        0x8 build/user_diskio.o
                0x08004ac0                USER_status
 .text.USER_read
                0x08004ac8        0x8 build/user_diskio.o
                0x08004ac8                USER_read
 .text.USER_write
                0x08004ad0        0x8 build/user_diskio.o
                0x08004ad0                USER_write
 .text.USER_ioctl
                0x08004ad8        0x8 build/user_diskio.o
                0x08004ad8                USER_ioctl
 .text.FATFS_LinkDriverEx
                0x08004ae0       0x54 build/ff_gen_drv.o
                0x08004ae0                FATFS_LinkDriverEx
 .text.FATFS_LinkDriver
                0x08004b34        0xa build/ff_gen_drv.o
                0x08004b34                FATFS_LinkDriver
 *fill*         0x08004b3e        0x2 
 .text.Reset_Handler
                0x08004b40       0x50 build/startup_stm32f334x8.o
                0x08004b40                Reset_Handler
 .text.Default_Handler
                0x08004b90        0x2 build/startup_stm32f334x8.o
                0x08004b90                RTC_Alarm_IRQHandler
                0x08004b90                HRTIM1_Master_IRQHandler
                0x08004b90                HRTIM1_FLT_IRQHandler
                0x08004b90                PVD_IRQHandler
                0x08004b90                HRTIM1_TIMD_IRQHandler
                0x08004b90                TAMP_STAMP_IRQHandler
                0x08004b90                FPU_IRQHandler
                0x08004b90                CAN_TX_IRQHandler
                0x08004b90                ADC1_2_IRQHandler
                0x08004b90                HRTIM1_TIME_IRQHandler
                0x08004b90                SPI1_IRQHandler
                0x08004b90                CAN_SCE_IRQHandler
                0x08004b90                HRTIM1_TIMC_IRQHandler
                0x08004b90                DMA1_Channel4_IRQHandler
                0x08004b90                DMA1_Channel7_IRQHandler
                0x08004b90                TIM7_DAC2_IRQHandler
                0x08004b90                CAN_RX1_IRQHandler
                0x08004b90                I2C1_EV_IRQHandler
                0x08004b90                DMA1_Channel6_IRQHandler
                0x08004b90                TIM3_IRQHandler
                0x08004b90                RCC_IRQHandler
                0x08004b90                DMA1_Channel1_IRQHandler
                0x08004b90                Default_Handler
                0x08004b90                EXTI15_10_IRQHandler
                0x08004b90                COMP2_IRQHandler
                0x08004b90                HRTIM1_TIMA_IRQHandler
                0x08004b90                TIM6_DAC1_IRQHandler
                0x08004b90                EXTI9_5_IRQHandler
                0x08004b90                RTC_WKUP_IRQHandler
                0x08004b90                DMA1_Channel5_IRQHandler
                0x08004b90                EXTI4_IRQHandler
                0x08004b90                HRTIM1_TIMB_IRQHandler
                0x08004b90                WWDG_IRQHandler
                0x08004b90                COMP4_6_IRQHandler
                0x08004b90                USART2_IRQHandler
                0x08004b90                FLASH_IRQHandler
                0x08004b90                USART1_IRQHandler
                0x08004b90                CAN_RX0_IRQHandler
                0x08004b90                I2C1_ER_IRQHandler
 .text.memset   0x08004b92       0x10 c:/program files (x86)/arm gnu toolchain arm-none-eabi/12.2 mpacbti-bet1/bin/../lib/gcc/arm-none-eabi/12.2.0/thumb/v7e-m+fp/hard\libc_nano.a(libc_a-memset.o)
                0x08004b92                memset
 *fill*         0x08004ba2        0x2 
 .text.__libc_init_array
                0x08004ba4       0x48 c:/program files (x86)/arm gnu toolchain arm-none-eabi/12.2 mpacbti-bet1/bin/../lib/gcc/arm-none-eabi/12.2.0/thumb/v7e-m+fp/hard\libc_nano.a(libc_a-init.o)
                0x08004ba4                __libc_init_array
 .text.memcpy   0x08004bec       0x1c c:/program files (x86)/arm gnu toolchain arm-none-eabi/12.2 mpacbti-bet1/bin/../lib/gcc/arm-none-eabi/12.2.0/thumb/v7e-m+fp/hard\libc_nano.a(libc_a-memcpy-stub.o)
                0x08004bec                memcpy
 .text.__udivmoddi4
                0x08004c08      0x2bc c:/program files (x86)/arm gnu toolchain arm-none-eabi/12.2 mpacbti-bet1/bin/../lib/gcc/arm-none-eabi/12.2.0/thumb/v7e-m+fp/hard\libgcc.a(_udivmoddi4.o)
                0x08004c08                __udivmoddi4
 *(.glue_7)
 .glue_7        0x08004ec4        0x0 linker stubs
 *(.glue_7t)
 .glue_7t       0x08004ec4        0x0 linker stubs
 *(.eh_frame)
 .eh_frame      0x08004ec4        0x0 c:/program files (x86)/arm gnu toolchain arm-none-eabi/12.2 mpacbti-bet1/bin/../lib/gcc/arm-none-eabi/12.2.0/thumb/v7e-m+fp/hard/crtbegin.o
 *(.init)
 .init          0x08004ec4        0x4 c:/program files (x86)/arm gnu toolchain arm-none-eabi/12.2 mpacbti-bet1/bin/../lib/gcc/arm-none-eabi/12.2.0/thumb/v7e-m+fp/hard/crti.o
                0x08004ec4                _init
 .init          0x08004ec8        0x8 c:/program files (x86)/arm gnu toolchain arm-none-eabi/12.2 mpacbti-bet1/bin/../lib/gcc/arm-none-eabi/12.2.0/thumb/v7e-m+fp/hard/crtn.o
 *(.fini)
 .fini          0x08004ed0        0x4 c:/program files (x86)/arm gnu toolchain arm-none-eabi/12.2 mpacbti-bet1/bin/../lib/gcc/arm-none-eabi/12.2.0/thumb/v7e-m+fp/hard/crti.o
                0x08004ed0                _fini
 .fini          0x08004ed4        0x8 c:/program files (x86)/arm gnu toolchain arm-none-eabi/12.2 mpacbti-bet1/bin/../lib/gcc/arm-none-eabi/12.2.0/thumb/v7e-m+fp/hard/crtn.o
                0x08004edc                        . = ALIGN (0x4)
                0x08004edc                        _etext = .

.vfp11_veneer   0x08004edc        0x0
 .vfp11_veneer  0x08004edc        0x0 linker stubs

.v4_bx          0x08004edc        0x0
 .v4_bx         0x08004edc        0x0 linker stubs

.iplt           0x08004edc        0x0
 .iplt          0x08004edc        0x0 c:/program files (x86)/arm gnu toolchain arm-none-eabi/12.2 mpacbti-bet1/bin/../lib/gcc/arm-none-eabi/12.2.0/thumb/v7e-m+fp/hard/crtbegin.o

.rodata         0x08004edc       0x38
                0x08004edc                        . = ALIGN (0x4)
 *(.rodata)
 *(.rodata*)
 .rodata.APBPrescTable
                0x08004edc        0x8 build/system_stm32f3xx.o
                0x08004edc                APBPrescTable
 .rodata.AHBPrescTable
                0x08004ee4       0x10 build/system_stm32f3xx.o
                0x08004ee4                AHBPrescTable
 .rodata.aPredivFactorTable
                0x08004ef4       0x10 build/stm32f3xx_hal_rcc.o
 .rodata.aPLLMULFactorTable
                0x08004f04       0x10 build/stm32f3xx_hal_rcc.o
                0x08004f14                        . = ALIGN (0x4)

.ARM.extab
 *(.ARM.extab* .gnu.linkonce.armextab.*)

.ARM            0x08004f14        0x8
                0x08004f14                        __exidx_start = .
 *(.ARM.exidx*)
 .ARM.exidx.text.__udivmoddi4
                0x08004f14        0x8 c:/program files (x86)/arm gnu toolchain arm-none-eabi/12.2 mpacbti-bet1/bin/../lib/gcc/arm-none-eabi/12.2.0/thumb/v7e-m+fp/hard\libgcc.a(_udivmoddi4.o)
                0x08004f1c                        __exidx_end = .

.rel.dyn        0x08004f1c        0x0
 .rel.iplt      0x08004f1c        0x0 c:/program files (x86)/arm gnu toolchain arm-none-eabi/12.2 mpacbti-bet1/bin/../lib/gcc/arm-none-eabi/12.2.0/thumb/v7e-m+fp/hard/crtbegin.o

.preinit_array  0x08004f1c        0x0
                0x08004f1c                        PROVIDE (__preinit_array_start = .)
 *(.preinit_array*)
                0x08004f1c                        PROVIDE (__preinit_array_end = .)

.init_array     0x08004f1c        0x4
                0x08004f1c                        PROVIDE (__init_array_start = .)
 *(SORT_BY_NAME(.init_array.*))
 *(.init_array*)
 .init_array    0x08004f1c        0x4 c:/program files (x86)/arm gnu toolchain arm-none-eabi/12.2 mpacbti-bet1/bin/../lib/gcc/arm-none-eabi/12.2.0/thumb/v7e-m+fp/hard/crtbegin.o
                0x08004f20                        PROVIDE (__init_array_end = .)

.fini_array     0x08004f20        0x4
                [!provide]                        PROVIDE (__fini_array_start = .)
 *(SORT_BY_NAME(.fini_array.*))
 *(.fini_array*)
 .fini_array    0x08004f20        0x4 c:/program files (x86)/arm gnu toolchain arm-none-eabi/12.2 mpacbti-bet1/bin/../lib/gcc/arm-none-eabi/12.2.0/thumb/v7e-m+fp/hard/crtbegin.o
                [!provide]                        PROVIDE (__fini_array_end = .)
                0x08004f24                        _sidata = LOADADDR (.data)

.data           0x20000000       0x24 load address 0x08004f24
                0x20000000                        . = ALIGN (0x4)
                0x20000000                        _sdata = .
 *(.data)
 *(.data*)
 .data.radio_state
                0x20000000        0x1 build/main.o
                0x20000000                radio_state
 .data.Stat     0x20000001        0x1 build/sd_card_spi.o
 *fill*         0x20000002        0x2 
 .data.SystemCoreClock
                0x20000004        0x4 build/system_stm32f3xx.o
                0x20000004                SystemCoreClock
 .data.uwTickFreq
                0x20000008        0x1 build/stm32f3xx_hal.o
                0x20000008                uwTickFreq
 *fill*         0x20000009        0x3 
 .data.uwTickPrio
                0x2000000c        0x4 build/stm32f3xx_hal.o
                0x2000000c                uwTickPrio
 .data.USER_Driver
                0x20000010       0x14 build/user_diskio.o
                0x20000010                USER_Driver
                0x20000024                        . = ALIGN (0x4)
                0x20000024                        _edata = .
                0x08004f48                        _siccmram = LOADADDR (.ccmram)

.tm_clone_table
                0x20000024        0x0 load address 0x08004f48
 .tm_clone_table
                0x20000024        0x0 c:/program files (x86)/arm gnu toolchain arm-none-eabi/12.2 mpacbti-bet1/bin/../lib/gcc/arm-none-eabi/12.2.0/thumb/v7e-m+fp/hard/crtbegin.o
 .tm_clone_table
                0x20000024        0x0 c:/program files (x86)/arm gnu toolchain arm-none-eabi/12.2 mpacbti-bet1/bin/../lib/gcc/arm-none-eabi/12.2.0/thumb/v7e-m+fp/hard/crtend.o

.igot.plt       0x20000024        0x0 load address 0x08004f48
 .igot.plt      0x20000024        0x0 c:/program files (x86)/arm gnu toolchain arm-none-eabi/12.2 mpacbti-bet1/bin/../lib/gcc/arm-none-eabi/12.2.0/thumb/v7e-m+fp/hard/crtbegin.o

.ccmram         0x10000000        0x0 load address 0x08004f48
                0x10000000                        . = ALIGN (0x4)
                0x10000000                        _sccmram = .
 *(.ccmram)
 *(.ccmram*)
                0x10000000                        . = ALIGN (0x4)
                0x10000000                        _eccmram = .
                0x10000000                        . = ALIGN (0x4)

.bss            0x20000028      0x5fc
                0x20000028                        _sbss = .
                0x20000028                        __bss_start__ = _sbss
 *(.bss)
 *(.bss*)
 .bss.completed.1
                0x20000028        0x1 c:/program files (x86)/arm gnu toolchain arm-none-eabi/12.2 mpacbti-bet1/bin/../lib/gcc/arm-none-eabi/12.2.0/thumb/v7e-m+fp/hard/crtbegin.o
 *fill*         0x20000029        0x3 
 .bss.object.0  0x2000002c       0x18 c:/program files (x86)/arm gnu toolchain arm-none-eabi/12.2 mpacbti-bet1/bin/../lib/gcc/arm-none-eabi/12.2.0/thumb/v7e-m+fp/hard/crtbegin.o
 .bss.hhrtim1   0x20000044       0xdc build/hrtim.o
                0x20000044                hhrtim1
 .bss.hi2c1     0x20000120       0x54 build/i2c.o
                0x20000120                hi2c1
 .bss.gps       0x20000174      0x118 build/main.o
                0x20000174                gps
 *fill*         0x2000028c        0x4 
 .bss.begin_lock_timestamp
                0x20000290        0x8 build/main.o
                0x20000290                begin_lock_timestamp
 .bss.last_tx_timestamp
                0x20000298        0x8 build/main.o
                0x20000298                last_tx_timestamp
 .bss.pps_duration_us
                0x200002a0        0x8 build/main.o
                0x200002a0                pps_duration_us
 .bss.last_pps_timestamp
                0x200002a8        0x8 build/main.o
                0x200002a8                last_pps_timestamp
 .bss.microseconds
                0x200002b0        0x8 build/main.o
                0x200002b0                microseconds
 .bss.lo_gen_pll
                0x200002b8       0x24 build/main.o
                0x200002b8                lo_gen_pll
 .bss.field_mem_writable
                0x200002dc        0xf build/main.o
                0x200002dc                field_mem_writable
 *fill*         0x200002eb        0x1 
 .bss.field_mem
                0x200002ec        0xf build/main.o
                0x200002ec                field_mem
 .bss.update_sys
                0x200002fb        0x1 build/main.o
                0x200002fb                update_sys
 .bss.uart_tx_buf
                0x200002fc       0x21 build/main.o
                0x200002fc                uart_tx_buf
 *fill*         0x2000031d        0x3 
 .bss.uart_rx_ind
                0x20000320        0x4 build/main.o
                0x20000320                uart_rx_ind
 .bss.packet    0x20000324       0x21 build/main.o
                0x20000324                packet
 .bss.packet_lock
                0x20000345        0x1 build/main.o
                0x20000345                packet_lock
 *fill*         0x20000346        0x2 
 .bss.uart_rx_buf
                0x20000348       0x21 build/main.o
                0x20000348                uart_rx_buf
 *fill*         0x20000369        0x3 
 .bss.spiTimerTickDelay
                0x2000036c        0x4 build/sd_card_spi.o
                0x2000036c                spiTimerTickDelay
 .bss.spiTimerTickStart
                0x20000370        0x4 build/sd_card_spi.o
                0x20000370                spiTimerTickStart
 .bss.CardType  0x20000374        0x1 build/sd_card_spi.o
 *fill*         0x20000375        0x3 
 .bss.hspi1     0x20000378       0x64 build/spi.o
                0x20000378                hspi1
 .bss.htim2     0x200003dc       0x4c build/tim.o
                0x200003dc                htim2
 .bss.htim1     0x20000428       0x4c build/tim.o
                0x20000428                htim1
 .bss.hdma_usart3_tx
                0x20000474       0x44 build/usart.o
                0x20000474                hdma_usart3_tx
 .bss.hdma_usart3_rx
                0x200004b8       0x44 build/usart.o
                0x200004b8                hdma_usart3_rx
 .bss.huart3    0x200004fc       0x88 build/usart.o
                0x200004fc                huart3
 .bss.huart1    0x20000584       0x88 build/usart.o
                0x20000584                huart1
 .bss.uwTick    0x2000060c        0x4 build/stm32f3xx_hal.o
                0x2000060c                uwTick
 .bss.USERPath  0x20000610        0x4 build/fatfs.o
                0x20000610                USERPath
 .bss.retUSER   0x20000614        0x1 build/fatfs.o
                0x20000614                retUSER
 *fill*         0x20000615        0x3 
 .bss.disk      0x20000618        0xc build/ff_gen_drv.o
                0x20000618                disk
 *(COMMON)
                0x20000624                        . = ALIGN (0x4)
                0x20000624                        _ebss = .
                0x20000624                        __bss_end__ = _ebss

._user_heap_stack
                0x20000624      0x604
                0x20000628                        . = ALIGN (0x8)
 *fill*         0x20000624        0x4 
                0x20000628                        PROVIDE (end = .)
                [!provide]                        PROVIDE (_end = .)
                0x20000828                        . = (. + _Min_Heap_Size)
 *fill*         0x20000628      0x200 
                0x20000c28                        . = (. + _Min_Stack_Size)
 *fill*         0x20000828      0x400 
                0x20000c28                        . = ALIGN (0x8)

/DISCARD/
 libc.a(*)
 libm.a(*)
 libgcc.a(*)

.ARM.attributes
                0x00000000       0x30
 *(.ARM.attributes)
 .ARM.attributes
                0x00000000       0x22 c:/program files (x86)/arm gnu toolchain arm-none-eabi/12.2 mpacbti-bet1/bin/../lib/gcc/arm-none-eabi/12.2.0/thumb/v7e-m+fp/hard/crti.o
 .ARM.attributes
                0x00000022       0x34 c:/program files (x86)/arm gnu toolchain arm-none-eabi/12.2 mpacbti-bet1/bin/../lib/gcc/arm-none-eabi/12.2.0/thumb/v7e-m+fp/hard/crtbegin.o
 .ARM.attributes
                0x00000056       0x34 build/adf4002.o
 .ARM.attributes
                0x0000008a       0x34 build/dma.o
 .ARM.attributes
                0x000000be       0x34 build/gpio.o
 .ARM.attributes
                0x000000f2       0x34 build/hrtim.o
 .ARM.attributes
                0x00000126       0x34 build/i2c.o
 .ARM.attributes
                0x0000015a       0x34 build/main.o
 .ARM.attributes
                0x0000018e       0x34 build/sd_card_spi.o
 .ARM.attributes
                0x000001c2       0x34 build/spi.o
 .ARM.attributes
                0x000001f6       0x34 build/stm32f3xx_hal_msp.o
 .ARM.attributes
                0x0000022a       0x34 build/stm32f3xx_it.o
 .ARM.attributes
                0x0000025e       0x34 build/system_stm32f3xx.o
 .ARM.attributes
                0x00000292       0x34 build/tim.o
 .ARM.attributes
                0x000002c6       0x34 build/ublox.o
 .ARM.attributes
                0x000002fa       0x34 build/usart.o
 .ARM.attributes
                0x0000032e       0x34 build/stm32f3xx_hal.o
 .ARM.attributes
                0x00000362       0x34 build/stm32f3xx_hal_cortex.o
 .ARM.attributes
                0x00000396       0x34 build/stm32f3xx_hal_dma.o
 .ARM.attributes
                0x000003ca       0x34 build/stm32f3xx_hal_gpio.o
 .ARM.attributes
                0x000003fe       0x34 build/stm32f3xx_hal_hrtim.o
 .ARM.attributes
                0x00000432       0x34 build/stm32f3xx_hal_i2c.o
 .ARM.attributes
                0x00000466       0x34 build/stm32f3xx_hal_i2c_ex.o
 .ARM.attributes
                0x0000049a       0x34 build/stm32f3xx_hal_rcc.o
 .ARM.attributes
                0x000004ce       0x34 build/stm32f3xx_hal_rcc_ex.o
 .ARM.attributes
                0x00000502       0x34 build/stm32f3xx_hal_spi.o
 .ARM.attributes
                0x00000536       0x34 build/stm32f3xx_hal_tim.o
 .ARM.attributes
                0x0000056a       0x34 build/stm32f3xx_hal_tim_ex.o
 .ARM.attributes
                0x0000059e       0x34 build/stm32f3xx_hal_uart.o
 .ARM.attributes
                0x000005d2       0x34 build/stm32f3xx_hal_uart_ex.o
 .ARM.attributes
                0x00000606       0x34 build/fatfs.o
 .ARM.attributes
                0x0000063a       0x34 build/user_diskio.o
 .ARM.attributes
                0x0000066e       0x34 build/ff_gen_drv.o
 .ARM.attributes
                0x000006a2       0x21 build/startup_stm32f334x8.o
 .ARM.attributes
                0x000006c3       0x34 c:/program files (x86)/arm gnu toolchain arm-none-eabi/12.2 mpacbti-bet1/bin/../lib/gcc/arm-none-eabi/12.2.0/thumb/v7e-m+fp/hard\libc_nano.a(libc_a-memset.o)
 .ARM.attributes
                0x000006f7       0x34 c:/program files (x86)/arm gnu toolchain arm-none-eabi/12.2 mpacbti-bet1/bin/../lib/gcc/arm-none-eabi/12.2.0/thumb/v7e-m+fp/hard\libc_nano.a(libc_a-init.o)
 .ARM.attributes
                0x0000072b       0x34 c:/program files (x86)/arm gnu toolchain arm-none-eabi/12.2 mpacbti-bet1/bin/../lib/gcc/arm-none-eabi/12.2.0/thumb/v7e-m+fp/hard\libc_nano.a(libc_a-memcpy-stub.o)
 .ARM.attributes
                0x0000075f       0x22 c:/program files (x86)/arm gnu toolchain arm-none-eabi/12.2 mpacbti-bet1/bin/../lib/gcc/arm-none-eabi/12.2.0/thumb/v7e-m+fp/hard\libgcc.a(_aeabi_uldivmod.o)
 .ARM.attributes
                0x00000781       0x34 c:/program files (x86)/arm gnu toolchain arm-none-eabi/12.2 mpacbti-bet1/bin/../lib/gcc/arm-none-eabi/12.2.0/thumb/v7e-m+fp/hard\libgcc.a(_udivmoddi4.o)
 .ARM.attributes
                0x000007b5       0x22 c:/program files (x86)/arm gnu toolchain arm-none-eabi/12.2 mpacbti-bet1/bin/../lib/gcc/arm-none-eabi/12.2.0/thumb/v7e-m+fp/hard\libgcc.a(_dvmd_tls.o)
 .ARM.attributes
                0x000007d7       0x34 c:/program files (x86)/arm gnu toolchain arm-none-eabi/12.2 mpacbti-bet1/bin/../lib/gcc/arm-none-eabi/12.2.0/thumb/v7e-m+fp/hard/crtend.o
 .ARM.attributes
                0x0000080b       0x22 c:/program files (x86)/arm gnu toolchain arm-none-eabi/12.2 mpacbti-bet1/bin/../lib/gcc/arm-none-eabi/12.2.0/thumb/v7e-m+fp/hard/crtn.o
OUTPUT(build/Weather_Balloon_Payload_FW.elf elf32-littlearm)
LOAD linker stubs
LOAD c:/program files (x86)/arm gnu toolchain arm-none-eabi/12.2 mpacbti-bet1/bin/../lib/gcc/arm-none-eabi/12.2.0/thumb/v7e-m+fp/hard\libc.a
LOAD c:/program files (x86)/arm gnu toolchain arm-none-eabi/12.2 mpacbti-bet1/bin/../lib/gcc/arm-none-eabi/12.2.0/thumb/v7e-m+fp/hard\libm.a
LOAD c:/program files (x86)/arm gnu toolchain arm-none-eabi/12.2 mpacbti-bet1/bin/../lib/gcc/arm-none-eabi/12.2.0/thumb/v7e-m+fp/hard\libgcc.a

.comment        0x00000000       0x4c
 .comment       0x00000000       0x4c c:/program files (x86)/arm gnu toolchain arm-none-eabi/12.2 mpacbti-bet1/bin/../lib/gcc/arm-none-eabi/12.2.0/thumb/v7e-m+fp/hard/crtbegin.o
                                 0x4d (size before relaxing)
 .comment       0x0000004c       0x4d build/adf4002.o
 .comment       0x0000004c       0x4d build/dma.o
 .comment       0x0000004c       0x4d build/gpio.o
 .comment       0x0000004c       0x4d build/hrtim.o
 .comment       0x0000004c       0x4d build/i2c.o
 .comment       0x0000004c       0x4d build/main.o
 .comment       0x0000004c       0x4d build/sd_card_spi.o
 .comment       0x0000004c       0x4d build/spi.o
 .comment       0x0000004c       0x4d build/stm32f3xx_hal_msp.o
 .comment       0x0000004c       0x4d build/stm32f3xx_it.o
 .comment       0x0000004c       0x4d build/system_stm32f3xx.o
 .comment       0x0000004c       0x4d build/tim.o
 .comment       0x0000004c       0x4d build/ublox.o
 .comment       0x0000004c       0x4d build/usart.o
 .comment       0x0000004c       0x4d build/stm32f3xx_hal.o
 .comment       0x0000004c       0x4d build/stm32f3xx_hal_cortex.o
 .comment       0x0000004c       0x4d build/stm32f3xx_hal_dma.o
 .comment       0x0000004c       0x4d build/stm32f3xx_hal_gpio.o
 .comment       0x0000004c       0x4d build/stm32f3xx_hal_hrtim.o
 .comment       0x0000004c       0x4d build/stm32f3xx_hal_i2c.o
 .comment       0x0000004c       0x4d build/stm32f3xx_hal_i2c_ex.o
 .comment       0x0000004c       0x4d build/stm32f3xx_hal_rcc.o
 .comment       0x0000004c       0x4d build/stm32f3xx_hal_rcc_ex.o
 .comment       0x0000004c       0x4d build/stm32f3xx_hal_spi.o
 .comment       0x0000004c       0x4d build/stm32f3xx_hal_tim.o
 .comment       0x0000004c       0x4d build/stm32f3xx_hal_tim_ex.o
 .comment       0x0000004c       0x4d build/stm32f3xx_hal_uart.o
 .comment       0x0000004c       0x4d build/stm32f3xx_hal_uart_ex.o
 .comment       0x0000004c       0x4d build/fatfs.o
 .comment       0x0000004c       0x4d build/user_diskio.o
 .comment       0x0000004c       0x4d build/ff_gen_drv.o
 .comment       0x0000004c       0x4d c:/program files (x86)/arm gnu toolchain arm-none-eabi/12.2 mpacbti-bet1/bin/../lib/gcc/arm-none-eabi/12.2.0/thumb/v7e-m+fp/hard\libc_nano.a(libc_a-memset.o)
 .comment       0x0000004c       0x4d c:/program files (x86)/arm gnu toolchain arm-none-eabi/12.2 mpacbti-bet1/bin/../lib/gcc/arm-none-eabi/12.2.0/thumb/v7e-m+fp/hard\libc_nano.a(libc_a-init.o)
 .comment       0x0000004c       0x4d c:/program files (x86)/arm gnu toolchain arm-none-eabi/12.2 mpacbti-bet1/bin/../lib/gcc/arm-none-eabi/12.2.0/thumb/v7e-m+fp/hard\libc_nano.a(libc_a-memcpy-stub.o)
 .comment       0x0000004c       0x4d c:/program files (x86)/arm gnu toolchain arm-none-eabi/12.2 mpacbti-bet1/bin/../lib/gcc/arm-none-eabi/12.2.0/thumb/v7e-m+fp/hard\libgcc.a(_udivmoddi4.o)
 .comment       0x0000004c       0x4d c:/program files (x86)/arm gnu toolchain arm-none-eabi/12.2 mpacbti-bet1/bin/../lib/gcc/arm-none-eabi/12.2.0/thumb/v7e-m+fp/hard/crtend.o

.debug_info     0x00000000    0x2660d
 .debug_info    0x00000000      0xa6d build/adf4002.o
 .debug_info    0x00000a6d      0x379 build/dma.o
 .debug_info    0x00000de6      0x715 build/gpio.o
 .debug_info    0x000014fb     0x115c build/hrtim.o
 .debug_info    0x00002657      0x97e build/i2c.o
 .debug_info    0x00002fd5     0x2a0e build/main.o
 .debug_info    0x000059e3     0x12ee build/sd_card_spi.o
 .debug_info    0x00006cd1      0x892 build/spi.o
 .debug_info    0x00007563      0x189 build/stm32f3xx_hal_msp.o
 .debug_info    0x000076ec      0xc45 build/stm32f3xx_it.o
 .debug_info    0x00008331      0x417 build/system_stm32f3xx.o
 .debug_info    0x00008748      0xce3 build/tim.o
 .debug_info    0x0000942b      0xbc2 build/ublox.o
 .debug_info    0x00009fed      0xcdd build/usart.o
 .debug_info    0x0000acca      0x812 build/stm32f3xx_hal.o
 .debug_info    0x0000b4dc      0xcd7 build/stm32f3xx_hal_cortex.o
 .debug_info    0x0000c1b3      0x809 build/stm32f3xx_hal_dma.o
 .debug_info    0x0000c9bc      0x6d8 build/stm32f3xx_hal_gpio.o
 .debug_info    0x0000d094     0x4335 build/stm32f3xx_hal_hrtim.o
 .debug_info    0x000113c9     0x4051 build/stm32f3xx_hal_i2c.o
 .debug_info    0x0001541a      0x8e9 build/stm32f3xx_hal_i2c_ex.o
 .debug_info    0x00015d03     0x15b6 build/stm32f3xx_hal_rcc.o
 .debug_info    0x000172b9      0x64b build/stm32f3xx_hal_rcc_ex.o
 .debug_info    0x00017904     0x205a build/stm32f3xx_hal_spi.o
 .debug_info    0x0001995e     0x3c63 build/stm32f3xx_hal_tim.o
 .debug_info    0x0001d5c1     0x1b5e build/stm32f3xx_hal_tim_ex.o
 .debug_info    0x0001f11f     0x4ec2 build/stm32f3xx_hal_uart.o
 .debug_info    0x00023fe1      0xe9b build/stm32f3xx_hal_uart_ex.o
 .debug_info    0x00024e7c      0x4df build/fatfs.o
 .debug_info    0x0002535b      0x448 build/user_diskio.o
 .debug_info    0x000257a3      0x3de build/ff_gen_drv.o
 .debug_info    0x00025b81       0x2e build/startup_stm32f334x8.o
 .debug_info    0x00025baf       0xe0 c:/program files (x86)/arm gnu toolchain arm-none-eabi/12.2 mpacbti-bet1/bin/../lib/gcc/arm-none-eabi/12.2.0/thumb/v7e-m+fp/hard\libc_nano.a(libc_a-memset.o)
 .debug_info    0x00025c8f      0x10b c:/program files (x86)/arm gnu toolchain arm-none-eabi/12.2 mpacbti-bet1/bin/../lib/gcc/arm-none-eabi/12.2.0/thumb/v7e-m+fp/hard\libc_nano.a(libc_a-init.o)
 .debug_info    0x00025d9a      0x121 c:/program files (x86)/arm gnu toolchain arm-none-eabi/12.2 mpacbti-bet1/bin/../lib/gcc/arm-none-eabi/12.2.0/thumb/v7e-m+fp/hard\libc_nano.a(libc_a-memcpy-stub.o)
 .debug_info    0x00025ebb       0x24 c:/program files (x86)/arm gnu toolchain arm-none-eabi/12.2 mpacbti-bet1/bin/../lib/gcc/arm-none-eabi/12.2.0/thumb/v7e-m+fp/hard\libgcc.a(_aeabi_uldivmod.o)
 .debug_info    0x00025edf      0x6f5 c:/program files (x86)/arm gnu toolchain arm-none-eabi/12.2 mpacbti-bet1/bin/../lib/gcc/arm-none-eabi/12.2.0/thumb/v7e-m+fp/hard\libgcc.a(_udivmoddi4.o)
 .debug_info    0x000265d4       0x39 c:/program files (x86)/arm gnu toolchain arm-none-eabi/12.2 mpacbti-bet1/bin/../lib/gcc/arm-none-eabi/12.2.0/thumb/v7e-m+fp/hard\libgcc.a(_dvmd_tls.o)

.debug_abbrev   0x00000000     0x497d
 .debug_abbrev  0x00000000      0x205 build/adf4002.o
 .debug_abbrev  0x00000205      0x119 build/dma.o
 .debug_abbrev  0x0000031e      0x16c build/gpio.o
 .debug_abbrev  0x0000048a      0x244 build/hrtim.o
 .debug_abbrev  0x000006ce      0x232 build/i2c.o
 .debug_abbrev  0x00000900      0x457 build/main.o
 .debug_abbrev  0x00000d57      0x33d build/sd_card_spi.o
 .debug_abbrev  0x00001094      0x20f build/spi.o
 .debug_abbrev  0x000012a3       0xc4 build/stm32f3xx_hal_msp.o
 .debug_abbrev  0x00001367      0x1d3 build/stm32f3xx_it.o
 .debug_abbrev  0x0000153a      0x11e build/system_stm32f3xx.o
 .debug_abbrev  0x00001658      0x224 build/tim.o
 .debug_abbrev  0x0000187c      0x254 build/ublox.o
 .debug_abbrev  0x00001ad0      0x233 build/usart.o
 .debug_abbrev  0x00001d03      0x241 build/stm32f3xx_hal.o
 .debug_abbrev  0x00001f44      0x36e build/stm32f3xx_hal_cortex.o
 .debug_abbrev  0x000022b2      0x235 build/stm32f3xx_hal_dma.o
 .debug_abbrev  0x000024e7      0x1f8 build/stm32f3xx_hal_gpio.o
 .debug_abbrev  0x000026df      0x285 build/stm32f3xx_hal_hrtim.o
 .debug_abbrev  0x00002964      0x299 build/stm32f3xx_hal_i2c.o
 .debug_abbrev  0x00002bfd      0x1c6 build/stm32f3xx_hal_i2c_ex.o
 .debug_abbrev  0x00002dc3      0x31e build/stm32f3xx_hal_rcc.o
 .debug_abbrev  0x000030e1      0x27f build/stm32f3xx_hal_rcc_ex.o
 .debug_abbrev  0x00003360      0x27c build/stm32f3xx_hal_spi.o
 .debug_abbrev  0x000035dc      0x271 build/stm32f3xx_hal_tim.o
 .debug_abbrev  0x0000384d      0x26f build/stm32f3xx_hal_tim_ex.o
 .debug_abbrev  0x00003abc      0x305 build/stm32f3xx_hal_uart.o
 .debug_abbrev  0x00003dc1      0x311 build/stm32f3xx_hal_uart_ex.o
 .debug_abbrev  0x000040d2      0x1b8 build/fatfs.o
 .debug_abbrev  0x0000428a      0x162 build/user_diskio.o
 .debug_abbrev  0x000043ec      0x1af build/ff_gen_drv.o
 .debug_abbrev  0x0000459b       0x1d build/startup_stm32f334x8.o
 .debug_abbrev  0x000045b8       0x9e c:/program files (x86)/arm gnu toolchain arm-none-eabi/12.2 mpacbti-bet1/bin/../lib/gcc/arm-none-eabi/12.2.0/thumb/v7e-m+fp/hard\libc_nano.a(libc_a-memset.o)
 .debug_abbrev  0x00004656       0xc9 c:/program files (x86)/arm gnu toolchain arm-none-eabi/12.2 mpacbti-bet1/bin/../lib/gcc/arm-none-eabi/12.2.0/thumb/v7e-m+fp/hard\libc_nano.a(libc_a-init.o)
 .debug_abbrev  0x0000471f       0xc1 c:/program files (x86)/arm gnu toolchain arm-none-eabi/12.2 mpacbti-bet1/bin/../lib/gcc/arm-none-eabi/12.2.0/thumb/v7e-m+fp/hard\libc_nano.a(libc_a-memcpy-stub.o)
 .debug_abbrev  0x000047e0       0x14 c:/program files (x86)/arm gnu toolchain arm-none-eabi/12.2 mpacbti-bet1/bin/../lib/gcc/arm-none-eabi/12.2.0/thumb/v7e-m+fp/hard\libgcc.a(_aeabi_uldivmod.o)
 .debug_abbrev  0x000047f4      0x16a c:/program files (x86)/arm gnu toolchain arm-none-eabi/12.2 mpacbti-bet1/bin/../lib/gcc/arm-none-eabi/12.2.0/thumb/v7e-m+fp/hard\libgcc.a(_udivmoddi4.o)
 .debug_abbrev  0x0000495e       0x1f c:/program files (x86)/arm gnu toolchain arm-none-eabi/12.2 mpacbti-bet1/bin/../lib/gcc/arm-none-eabi/12.2.0/thumb/v7e-m+fp/hard\libgcc.a(_dvmd_tls.o)

.debug_loclists
                0x00000000    0x1349e
 .debug_loclists
                0x00000000      0x19e build/adf4002.o
 .debug_loclists
                0x0000019e       0x34 build/hrtim.o
 .debug_loclists
                0x000001d2       0x4b build/i2c.o
 .debug_loclists
                0x0000021d      0x24a build/main.o
 .debug_loclists
                0x00000467      0x79d build/sd_card_spi.o
 .debug_loclists
                0x00000c04       0x5c build/spi.o
 .debug_loclists
                0x00000c60       0xbc build/system_stm32f3xx.o
 .debug_loclists
                0x00000d1c       0x81 build/tim.o
 .debug_loclists
                0x00000d9d       0x8b build/ublox.o
 .debug_loclists
                0x00000e28       0x7b build/usart.o
 .debug_loclists
                0x00000ea3       0xc9 build/stm32f3xx_hal.o
 .debug_loclists
                0x00000f6c      0x422 build/stm32f3xx_hal_cortex.o
 .debug_loclists
                0x0000138e      0x4c8 build/stm32f3xx_hal_dma.o
 .debug_loclists
                0x00001856      0x267 build/stm32f3xx_hal_gpio.o
 .debug_loclists
                0x00001abd     0x3905 build/stm32f3xx_hal_hrtim.o
 .debug_loclists
                0x000053c2     0x31c6 build/stm32f3xx_hal_i2c.o
 .debug_loclists
                0x00008588      0x11d build/stm32f3xx_hal_i2c_ex.o
 .debug_loclists
                0x000086a5      0x858 build/stm32f3xx_hal_rcc.o
 .debug_loclists
                0x00008efd      0x563 build/stm32f3xx_hal_rcc_ex.o
 .debug_loclists
                0x00009460     0x1614 build/stm32f3xx_hal_spi.o
 .debug_loclists
                0x0000aa74     0x361b build/stm32f3xx_hal_tim.o
 .debug_loclists
                0x0000e08f     0x1574 build/stm32f3xx_hal_tim_ex.o
 .debug_loclists
                0x0000f603     0x2acc build/stm32f3xx_hal_uart.o
 .debug_loclists
                0x000120cf      0x60e build/stm32f3xx_hal_uart_ex.o
 .debug_loclists
                0x000126dd      0x137 build/user_diskio.o
 .debug_loclists
                0x00012814      0x1b3 build/ff_gen_drv.o
 .debug_loclists
                0x000129c7       0x47 c:/program files (x86)/arm gnu toolchain arm-none-eabi/12.2 mpacbti-bet1/bin/../lib/gcc/arm-none-eabi/12.2.0/thumb/v7e-m+fp/hard\libc_nano.a(libc_a-memset.o)
 .debug_loclists
                0x00012a0e       0x44 c:/program files (x86)/arm gnu toolchain arm-none-eabi/12.2 mpacbti-bet1/bin/../lib/gcc/arm-none-eabi/12.2.0/thumb/v7e-m+fp/hard\libc_nano.a(libc_a-init.o)
 .debug_loclists
                0x00012a52       0x8f c:/program files (x86)/arm gnu toolchain arm-none-eabi/12.2 mpacbti-bet1/bin/../lib/gcc/arm-none-eabi/12.2.0/thumb/v7e-m+fp/hard\libc_nano.a(libc_a-memcpy-stub.o)
 .debug_loclists
                0x00012ae1      0x9bd c:/program files (x86)/arm gnu toolchain arm-none-eabi/12.2 mpacbti-bet1/bin/../lib/gcc/arm-none-eabi/12.2.0/thumb/v7e-m+fp/hard\libgcc.a(_udivmoddi4.o)

.debug_aranges  0x00000000     0x1968
 .debug_aranges
                0x00000000       0x60 build/adf4002.o
 .debug_aranges
                0x00000060       0x20 build/dma.o
 .debug_aranges
                0x00000080       0x20 build/gpio.o
 .debug_aranges
                0x000000a0       0x38 build/hrtim.o
 .debug_aranges
                0x000000d8       0x30 build/i2c.o
 .debug_aranges
                0x00000108       0x60 build/main.o
 .debug_aranges
                0x00000168       0x98 build/sd_card_spi.o
 .debug_aranges
                0x00000200       0x30 build/spi.o
 .debug_aranges
                0x00000230       0x20 build/stm32f3xx_hal_msp.o
 .debug_aranges
                0x00000250       0xc0 build/stm32f3xx_it.o
 .debug_aranges
                0x00000310       0x28 build/system_stm32f3xx.o
 .debug_aranges
                0x00000338       0x38 build/tim.o
 .debug_aranges
                0x00000370       0x38 build/ublox.o
 .debug_aranges
                0x000003a8       0x38 build/usart.o
 .debug_aranges
                0x000003e0       0xe0 build/stm32f3xx_hal.o
 .debug_aranges
                0x000004c0       0xc0 build/stm32f3xx_hal_cortex.o
 .debug_aranges
                0x00000580       0x88 build/stm32f3xx_hal_dma.o
 .debug_aranges
                0x00000608       0x58 build/stm32f3xx_hal_gpio.o
 .debug_aranges
                0x00000660      0x408 build/stm32f3xx_hal_hrtim.o
 .debug_aranges
                0x00000a68      0x2a0 build/stm32f3xx_hal_i2c.o
 .debug_aranges
                0x00000d08       0x48 build/stm32f3xx_hal_i2c_ex.o
 .debug_aranges
                0x00000d50       0x88 build/stm32f3xx_hal_rcc.o
 .debug_aranges
                0x00000dd8       0x38 build/stm32f3xx_hal_rcc_ex.o
 .debug_aranges
                0x00000e10      0x1d8 build/stm32f3xx_hal_spi.o
 .debug_aranges
                0x00000fe8      0x3e0 build/stm32f3xx_hal_tim.o
 .debug_aranges
                0x000013c8      0x178 build/stm32f3xx_hal_tim_ex.o
 .debug_aranges
                0x00001540      0x228 build/stm32f3xx_hal_uart.o
 .debug_aranges
                0x00001768       0x70 build/stm32f3xx_hal_uart_ex.o
 .debug_aranges
                0x000017d8       0x28 build/fatfs.o
 .debug_aranges
                0x00001800       0x40 build/user_diskio.o
 .debug_aranges
                0x00001840       0x40 build/ff_gen_drv.o
 .debug_aranges
                0x00001880       0x28 build/startup_stm32f334x8.o
 .debug_aranges
                0x000018a8       0x20 c:/program files (x86)/arm gnu toolchain arm-none-eabi/12.2 mpacbti-bet1/bin/../lib/gcc/arm-none-eabi/12.2.0/thumb/v7e-m+fp/hard\libc_nano.a(libc_a-memset.o)
 .debug_aranges
                0x000018c8       0x20 c:/program files (x86)/arm gnu toolchain arm-none-eabi/12.2 mpacbti-bet1/bin/../lib/gcc/arm-none-eabi/12.2.0/thumb/v7e-m+fp/hard\libc_nano.a(libc_a-init.o)
 .debug_aranges
                0x000018e8       0x20 c:/program files (x86)/arm gnu toolchain arm-none-eabi/12.2 mpacbti-bet1/bin/../lib/gcc/arm-none-eabi/12.2.0/thumb/v7e-m+fp/hard\libc_nano.a(libc_a-memcpy-stub.o)
 .debug_aranges
                0x00001908       0x20 c:/program files (x86)/arm gnu toolchain arm-none-eabi/12.2 mpacbti-bet1/bin/../lib/gcc/arm-none-eabi/12.2.0/thumb/v7e-m+fp/hard\libgcc.a(_aeabi_uldivmod.o)
 .debug_aranges
                0x00001928       0x20 c:/program files (x86)/arm gnu toolchain arm-none-eabi/12.2 mpacbti-bet1/bin/../lib/gcc/arm-none-eabi/12.2.0/thumb/v7e-m+fp/hard\libgcc.a(_udivmoddi4.o)
 .debug_aranges
                0x00001948       0x20 c:/program files (x86)/arm gnu toolchain arm-none-eabi/12.2 mpacbti-bet1/bin/../lib/gcc/arm-none-eabi/12.2.0/thumb/v7e-m+fp/hard\libgcc.a(_dvmd_tls.o)

.debug_rnglists
                0x00000000     0x13da
 .debug_rnglists
                0x00000000       0x43 build/adf4002.o
 .debug_rnglists
                0x00000043       0x13 build/dma.o
 .debug_rnglists
                0x00000056       0x14 build/gpio.o
 .debug_rnglists
                0x0000006a       0x26 build/hrtim.o
 .debug_rnglists
                0x00000090       0x1f build/i2c.o
 .debug_rnglists
                0x000000af       0x62 build/main.o
 .debug_rnglists
                0x00000111       0x72 build/sd_card_spi.o
 .debug_rnglists
                0x00000183       0x1f build/spi.o
 .debug_rnglists
                0x000001a2       0x13 build/stm32f3xx_hal_msp.o
 .debug_rnglists
                0x000001b5       0x8b build/stm32f3xx_it.o
 .debug_rnglists
                0x00000240       0x1a build/system_stm32f3xx.o
 .debug_rnglists
                0x0000025a       0x26 build/tim.o
 .debug_rnglists
                0x00000280       0x31 build/ublox.o
 .debug_rnglists
                0x000002b1       0x26 build/usart.o
 .debug_rnglists
                0x000002d7       0xa3 build/stm32f3xx_hal.o
 .debug_rnglists
                0x0000037a       0x8b build/stm32f3xx_hal_cortex.o
 .debug_rnglists
                0x00000405       0x63 build/stm32f3xx_hal_dma.o
 .debug_rnglists
                0x00000468       0x3f build/stm32f3xx_hal_gpio.o
 .debug_rnglists
                0x000004a7      0x336 build/stm32f3xx_hal_hrtim.o
 .debug_rnglists
                0x000007dd      0x21d build/stm32f3xx_hal_i2c.o
 .debug_rnglists
                0x000009fa       0x31 build/stm32f3xx_hal_i2c_ex.o
 .debug_rnglists
                0x00000a2b       0x79 build/stm32f3xx_hal_rcc.o
 .debug_rnglists
                0x00000aa4       0x27 build/stm32f3xx_hal_rcc_ex.o
 .debug_rnglists
                0x00000acb      0x171 build/stm32f3xx_hal_spi.o
 .debug_rnglists
                0x00000c3c      0x30f build/stm32f3xx_hal_tim.o
 .debug_rnglists
                0x00000f4b      0x127 build/stm32f3xx_hal_tim_ex.o
 .debug_rnglists
                0x00001072      0x1bb build/stm32f3xx_hal_uart.o
 .debug_rnglists
                0x0000122d       0x51 build/stm32f3xx_hal_uart_ex.o
 .debug_rnglists
                0x0000127e       0x19 build/fatfs.o
 .debug_rnglists
                0x00001297       0x2b build/user_diskio.o
 .debug_rnglists
                0x000012c2       0x2b build/ff_gen_drv.o
 .debug_rnglists
                0x000012ed       0x19 build/startup_stm32f334x8.o
 .debug_rnglists
                0x00001306       0x13 c:/program files (x86)/arm gnu toolchain arm-none-eabi/12.2 mpacbti-bet1/bin/../lib/gcc/arm-none-eabi/12.2.0/thumb/v7e-m+fp/hard\libc_nano.a(libc_a-memset.o)
 .debug_rnglists
                0x00001319       0x13 c:/program files (x86)/arm gnu toolchain arm-none-eabi/12.2 mpacbti-bet1/bin/../lib/gcc/arm-none-eabi/12.2.0/thumb/v7e-m+fp/hard\libc_nano.a(libc_a-init.o)
 .debug_rnglists
                0x0000132c       0x13 c:/program files (x86)/arm gnu toolchain arm-none-eabi/12.2 mpacbti-bet1/bin/../lib/gcc/arm-none-eabi/12.2.0/thumb/v7e-m+fp/hard\libc_nano.a(libc_a-memcpy-stub.o)
 .debug_rnglists
                0x0000133f       0x9b c:/program files (x86)/arm gnu toolchain arm-none-eabi/12.2 mpacbti-bet1/bin/../lib/gcc/arm-none-eabi/12.2.0/thumb/v7e-m+fp/hard\libgcc.a(_udivmoddi4.o)

.debug_line     0x00000000    0x22208
 .debug_line    0x00000000      0x395 build/adf4002.o
 .debug_line    0x00000395      0x1b1 build/dma.o
 .debug_line    0x00000546      0x304 build/gpio.o
 .debug_line    0x0000084a      0x474 build/hrtim.o
 .debug_line    0x00000cbe      0x325 build/i2c.o
 .debug_line    0x00000fe3      0xb4c build/main.o
 .debug_line    0x00001b2f      0xb7d build/sd_card_spi.o
 .debug_line    0x000026ac      0x31d build/spi.o
 .debug_line    0x000029c9      0x186 build/stm32f3xx_hal_msp.o
 .debug_line    0x00002b4f      0x43e build/stm32f3xx_it.o
 .debug_line    0x00002f8d      0x26a build/system_stm32f3xx.o
 .debug_line    0x000031f7      0x3e5 build/tim.o
 .debug_line    0x000035dc      0x2d5 build/ublox.o
 .debug_line    0x000038b1      0x496 build/usart.o
 .debug_line    0x00003d47      0x54a build/stm32f3xx_hal.o
 .debug_line    0x00004291      0x6dd build/stm32f3xx_hal_cortex.o
 .debug_line    0x0000496e      0xa21 build/stm32f3xx_hal_dma.o
 .debug_line    0x0000538f      0x6a0 build/stm32f3xx_hal_gpio.o
 .debug_line    0x00005a2f     0x57f1 build/stm32f3xx_hal_hrtim.o
 .debug_line    0x0000b220     0x5080 build/stm32f3xx_hal_i2c.o
 .debug_line    0x000102a0      0x51d build/stm32f3xx_hal_i2c_ex.o
 .debug_line    0x000107bd     0x11d5 build/stm32f3xx_hal_rcc.o
 .debug_line    0x00011992      0x758 build/stm32f3xx_hal_rcc_ex.o
 .debug_line    0x000120ea     0x2990 build/stm32f3xx_hal_spi.o
 .debug_line    0x00014a7a     0x4e1c build/stm32f3xx_hal_tim.o
 .debug_line    0x00019896     0x1dc9 build/stm32f3xx_hal_tim_ex.o
 .debug_line    0x0001b65f     0x507e build/stm32f3xx_hal_uart.o
 .debug_line    0x000206dd      0x98f build/stm32f3xx_hal_uart_ex.o
 .debug_line    0x0002106c      0x1cf build/fatfs.o
 .debug_line    0x0002123b      0x13b build/user_diskio.o
 .debug_line    0x00021376      0x2ab build/ff_gen_drv.o
 .debug_line    0x00021621       0x76 build/startup_stm32f334x8.o
 .debug_line    0x00021697      0x18e c:/program files (x86)/arm gnu toolchain arm-none-eabi/12.2 mpacbti-bet1/bin/../lib/gcc/arm-none-eabi/12.2.0/thumb/v7e-m+fp/hard\libc_nano.a(libc_a-memset.o)
 .debug_line    0x00021825      0x18f c:/program files (x86)/arm gnu toolchain arm-none-eabi/12.2 mpacbti-bet1/bin/../lib/gcc/arm-none-eabi/12.2.0/thumb/v7e-m+fp/hard\libc_nano.a(libc_a-init.o)
 .debug_line    0x000219b4      0x21b c:/program files (x86)/arm gnu toolchain arm-none-eabi/12.2 mpacbti-bet1/bin/../lib/gcc/arm-none-eabi/12.2.0/thumb/v7e-m+fp/hard\libc_nano.a(libc_a-memcpy-stub.o)
 .debug_line    0x00021bcf       0x4e c:/program files (x86)/arm gnu toolchain arm-none-eabi/12.2 mpacbti-bet1/bin/../lib/gcc/arm-none-eabi/12.2.0/thumb/v7e-m+fp/hard\libgcc.a(_aeabi_uldivmod.o)
 .debug_line    0x00021c1d      0x5a1 c:/program files (x86)/arm gnu toolchain arm-none-eabi/12.2 mpacbti-bet1/bin/../lib/gcc/arm-none-eabi/12.2.0/thumb/v7e-m+fp/hard\libgcc.a(_udivmoddi4.o)
 .debug_line    0x000221be       0x4a c:/program files (x86)/arm gnu toolchain arm-none-eabi/12.2 mpacbti-bet1/bin/../lib/gcc/arm-none-eabi/12.2.0/thumb/v7e-m+fp/hard\libgcc.a(_dvmd_tls.o)

.debug_str      0x00000000     0x7f48
 .debug_str     0x00000000      0x683 build/adf4002.o
                                0x748 (size before relaxing)
 .debug_str     0x00000683      0x403 build/dma.o
                                0x591 (size before relaxing)
 .debug_str     0x00000a86       0x5c build/gpio.o
                                0x670 (size before relaxing)
 .debug_str     0x00000ae2      0x73f build/hrtim.o
                                0xbf1 (size before relaxing)
 .debug_str     0x00001221      0x313 build/i2c.o
                                0x7f8 (size before relaxing)
 .debug_str     0x00001534      0xda8 build/main.o
                               0x1c5d (size before relaxing)
 .debug_str     0x000022dc      0x1d4 build/sd_card_spi.o
                                0x824 (size before relaxing)
 .debug_str     0x000024b0       0x48 build/spi.o
                                0x6f5 (size before relaxing)
 .debug_str     0x000024f8       0x29 build/stm32f3xx_hal_msp.o
                                0x211 (size before relaxing)
 .debug_str     0x00002521      0x225 build/stm32f3xx_it.o
                                0xb1f (size before relaxing)
 .debug_str     0x00002746       0xdc build/system_stm32f3xx.o
                                0x2d9 (size before relaxing)
 .debug_str     0x00002822      0x162 build/tim.o
                                0xc46 (size before relaxing)
 .debug_str     0x00002984       0x93 build/ublox.o
                                0x9a1 (size before relaxing)
 .debug_str     0x00002a17       0x6a build/usart.o
                                0xb4e (size before relaxing)
 .debug_str     0x00002a81      0x2e7 build/stm32f3xx_hal.o
                                0x8e3 (size before relaxing)
 .debug_str     0x00002d68      0x333 build/stm32f3xx_hal_cortex.o
                                0x966 (size before relaxing)
 .debug_str     0x0000309b      0x200 build/stm32f3xx_hal_dma.o
                                0x621 (size before relaxing)
 .debug_str     0x0000329b      0x138 build/stm32f3xx_hal_gpio.o
                                0x4a6 (size before relaxing)
 .debug_str     0x000033d3     0x12b0 build/stm32f3xx_hal_hrtim.o
                               0x1ed3 (size before relaxing)
 .debug_str     0x00004683      0x874 build/stm32f3xx_hal_i2c.o
                                0xfdb (size before relaxing)
 .debug_str     0x00004ef7       0xb5 build/stm32f3xx_hal_i2c_ex.o
                                0x880 (size before relaxing)
 .debug_str     0x00004fac      0x1ca build/stm32f3xx_hal_rcc.o
                                0x681 (size before relaxing)
 .debug_str     0x00005176       0xbb build/stm32f3xx_hal_rcc_ex.o
                                0x48d (size before relaxing)
 .debug_str     0x00005231      0x526 build/stm32f3xx_hal_spi.o
                                0xbd8 (size before relaxing)
 .debug_str     0x00005757      0xe44 build/stm32f3xx_hal_tim.o
                               0x1700 (size before relaxing)
 .debug_str     0x0000659b      0x534 build/stm32f3xx_hal_tim_ex.o
                                0xf56 (size before relaxing)
 .debug_str     0x00006acf      0x706 build/stm32f3xx_hal_uart.o
                                0xf04 (size before relaxing)
 .debug_str     0x000071d5      0x1b5 build/stm32f3xx_hal_uart_ex.o
                                0x901 (size before relaxing)
 .debug_str     0x0000738a       0xad build/fatfs.o
                                0x35f (size before relaxing)
 .debug_str     0x00007437       0x5c build/user_diskio.o
                                0x2ed (size before relaxing)
 .debug_str     0x00007493       0xb7 build/ff_gen_drv.o
                                0x2f8 (size before relaxing)
 .debug_str     0x0000754a       0x33 build/startup_stm32f334x8.o
                                 0x87 (size before relaxing)
 .debug_str     0x0000757d      0x170 c:/program files (x86)/arm gnu toolchain arm-none-eabi/12.2 mpacbti-bet1/bin/../lib/gcc/arm-none-eabi/12.2.0/thumb/v7e-m+fp/hard\libc_nano.a(libc_a-memset.o)
                                0x213 (size before relaxing)
 .debug_str     0x000076ed       0xbf c:/program files (x86)/arm gnu toolchain arm-none-eabi/12.2 mpacbti-bet1/bin/../lib/gcc/arm-none-eabi/12.2.0/thumb/v7e-m+fp/hard\libc_nano.a(libc_a-init.o)
                                0x274 (size before relaxing)
 .debug_str     0x000077ac       0x81 c:/program files (x86)/arm gnu toolchain arm-none-eabi/12.2 mpacbti-bet1/bin/../lib/gcc/arm-none-eabi/12.2.0/thumb/v7e-m+fp/hard\libc_nano.a(libc_a-memcpy-stub.o)
                                0x231 (size before relaxing)
 .debug_str     0x0000782d       0xd9 c:/program files (x86)/arm gnu toolchain arm-none-eabi/12.2 mpacbti-bet1/bin/../lib/gcc/arm-none-eabi/12.2.0/thumb/v7e-m+fp/hard\libgcc.a(_aeabi_uldivmod.o)
                                 0xe8 (size before relaxing)
 .debug_str     0x00007906      0x5cb c:/program files (x86)/arm gnu toolchain arm-none-eabi/12.2 mpacbti-bet1/bin/../lib/gcc/arm-none-eabi/12.2.0/thumb/v7e-m+fp/hard\libgcc.a(_udivmoddi4.o)
                                0x6e2 (size before relaxing)
 .debug_str     0x00007ed1       0x77 c:/program files (x86)/arm gnu toolchain arm-none-eabi/12.2 mpacbti-bet1/bin/../lib/gcc/arm-none-eabi/12.2.0/thumb/v7e-m+fp/hard\libgcc.a(_dvmd_tls.o)
                                0x108 (size before relaxing)

.debug_frame    0x00000000     0x45c0
 .debug_frame   0x00000000       0xec build/adf4002.o
 .debug_frame   0x000000ec       0x2c build/dma.o
 .debug_frame   0x00000118       0x38 build/gpio.o
 .debug_frame   0x00000150       0x7c build/hrtim.o
 .debug_frame   0x000001cc       0x60 build/i2c.o
 .debug_frame   0x0000022c       0xf8 build/main.o
 .debug_frame   0x00000324      0x208 build/sd_card_spi.o
 .debug_frame   0x0000052c       0x60 build/spi.o
 .debug_frame   0x0000058c       0x28 build/stm32f3xx_hal_msp.o
 .debug_frame   0x000005b4      0x1c8 build/stm32f3xx_it.o
 .debug_frame   0x0000077c       0x30 build/system_stm32f3xx.o
 .debug_frame   0x000007ac       0x88 build/tim.o
 .debug_frame   0x00000834       0x74 build/ublox.o
 .debug_frame   0x000008a8       0x78 build/usart.o
 .debug_frame   0x00000920      0x1cc build/stm32f3xx_hal.o
 .debug_frame   0x00000aec      0x19c build/stm32f3xx_hal_cortex.o
 .debug_frame   0x00000c88      0x160 build/stm32f3xx_hal_dma.o
 .debug_frame   0x00000de8       0xd0 build/stm32f3xx_hal_gpio.o
 .debug_frame   0x00000eb8      0xc68 build/stm32f3xx_hal_hrtim.o
 .debug_frame   0x00001b20      0x98c build/stm32f3xx_hal_i2c.o
 .debug_frame   0x000024ac       0x80 build/stm32f3xx_hal_i2c_ex.o
 .debug_frame   0x0000252c      0x170 build/stm32f3xx_hal_rcc.o
 .debug_frame   0x0000269c       0x6c build/stm32f3xx_hal_rcc_ex.o
 .debug_frame   0x00002708      0x5d8 build/stm32f3xx_hal_spi.o
 .debug_frame   0x00002ce0      0xb48 build/stm32f3xx_hal_tim.o
 .debug_frame   0x00003828      0x450 build/stm32f3xx_hal_tim_ex.o
 .debug_frame   0x00003c78      0x600 build/stm32f3xx_hal_uart.o
 .debug_frame   0x00004278      0x138 build/stm32f3xx_hal_uart_ex.o
 .debug_frame   0x000043b0       0x38 build/fatfs.o
 .debug_frame   0x000043e8       0x88 build/user_diskio.o
 .debug_frame   0x00004470       0x7c build/ff_gen_drv.o
 .debug_frame   0x000044ec       0x20 c:/program files (x86)/arm gnu toolchain arm-none-eabi/12.2 mpacbti-bet1/bin/../lib/gcc/arm-none-eabi/12.2.0/thumb/v7e-m+fp/hard\libc_nano.a(libc_a-memset.o)
 .debug_frame   0x0000450c       0x2c c:/program files (x86)/arm gnu toolchain arm-none-eabi/12.2 mpacbti-bet1/bin/../lib/gcc/arm-none-eabi/12.2.0/thumb/v7e-m+fp/hard\libc_nano.a(libc_a-init.o)
 .debug_frame   0x00004538       0x28 c:/program files (x86)/arm gnu toolchain arm-none-eabi/12.2 mpacbti-bet1/bin/../lib/gcc/arm-none-eabi/12.2.0/thumb/v7e-m+fp/hard\libc_nano.a(libc_a-memcpy-stub.o)
 .debug_frame   0x00004560       0x2c c:/program files (x86)/arm gnu toolchain arm-none-eabi/12.2 mpacbti-bet1/bin/../lib/gcc/arm-none-eabi/12.2.0/thumb/v7e-m+fp/hard\libgcc.a(_aeabi_uldivmod.o)
 .debug_frame   0x0000458c       0x34 c:/program files (x86)/arm gnu toolchain arm-none-eabi/12.2 mpacbti-bet1/bin/../lib/gcc/arm-none-eabi/12.2.0/thumb/v7e-m+fp/hard\libgcc.a(_udivmoddi4.o)

.debug_line_str
                0x00000000      0x14f
 .debug_line_str
                0x00000000       0x6a build/startup_stm32f334x8.o
 .debug_line_str
                0x0000006a       0xd9 c:/program files (x86)/arm gnu toolchain arm-none-eabi/12.2 mpacbti-bet1/bin/../lib/gcc/arm-none-eabi/12.2.0/thumb/v7e-m+fp/hard\libgcc.a(_aeabi_uldivmod.o)
 .debug_line_str
                0x00000143        0xc c:/program files (x86)/arm gnu toolchain arm-none-eabi/12.2 mpacbti-bet1/bin/../lib/gcc/arm-none-eabi/12.2.0/thumb/v7e-m+fp/hard\libgcc.a(_dvmd_tls.o)
                                 0xdd (size before relaxing)

Cross Reference Table

Symbol                                            File
ADC1_2_IRQHandler                                 build/startup_stm32f334x8.o
AHBPrescTable                                     build/system_stm32f3xx.o
                                                  build/stm32f3xx_hal_rcc.o
APBPrescTable                                     build/system_stm32f3xx.o
                                                  build/stm32f3xx_hal_rcc.o
BusFault_Handler                                  build/stm32f3xx_it.o
CAN_RX0_IRQHandler                                build/startup_stm32f334x8.o
CAN_RX1_IRQHandler                                build/startup_stm32f334x8.o
CAN_SCE_IRQHandler                                build/startup_stm32f334x8.o
CAN_TX_IRQHandler                                 build/startup_stm32f334x8.o
COMP2_IRQHandler                                  build/startup_stm32f334x8.o
COMP4_6_IRQHandler                                build/startup_stm32f334x8.o
DMA1_Channel1_IRQHandler                          build/startup_stm32f334x8.o
DMA1_Channel2_IRQHandler                          build/stm32f3xx_it.o
DMA1_Channel3_IRQHandler                          build/stm32f3xx_it.o
DMA1_Channel4_IRQHandler                          build/startup_stm32f334x8.o
DMA1_Channel5_IRQHandler                          build/startup_stm32f334x8.o
DMA1_Channel6_IRQHandler                          build/startup_stm32f334x8.o
DMA1_Channel7_IRQHandler                          build/startup_stm32f334x8.o
DebugMon_Handler                                  build/stm32f3xx_it.o
Default_Handler                                   build/startup_stm32f334x8.o
EXTI0_IRQHandler                                  build/stm32f3xx_it.o
EXTI15_10_IRQHandler                              build/startup_stm32f334x8.o
EXTI1_IRQHandler                                  build/stm32f3xx_it.o
EXTI2_TSC_IRQHandler                              build/stm32f3xx_it.o
EXTI3_IRQHandler                                  build/stm32f3xx_it.o
EXTI4_IRQHandler                                  build/startup_stm32f334x8.o
EXTI9_5_IRQHandler                                build/startup_stm32f334x8.o
Error_Handler                                     build/main.o
                                                  build/usart.o
                                                  build/tim.o
                                                  build/spi.o
                                                  build/i2c.o
                                                  build/hrtim.o
FATFS_GetAttachedDriversNbr                       build/ff_gen_drv.o
FATFS_LinkDriver                                  build/ff_gen_drv.o
                                                  build/fatfs.o
FATFS_LinkDriverEx                                build/ff_gen_drv.o
FATFS_UnLinkDriver                                build/ff_gen_drv.o
FATFS_UnLinkDriverEx                              build/ff_gen_drv.o
FLASH_IRQHandler                                  build/startup_stm32f334x8.o
FLASH_PageErase                                   build/stm32f3xx_hal_flash_ex.o
                                                  build/stm32f3xx_hal_flash.o
FLASH_WaitForLastOperation                        build/stm32f3xx_hal_flash.o
                                                  build/stm32f3xx_hal_flash_ex.o
FPU_IRQHandler                                    build/startup_stm32f334x8.o
HAL_DBGMCU_DisableDBGSleepMode                    build/stm32f3xx_hal.o
HAL_DBGMCU_DisableDBGStandbyMode                  build/stm32f3xx_hal.o
HAL_DBGMCU_DisableDBGStopMode                     build/stm32f3xx_hal.o
HAL_DBGMCU_EnableDBGSleepMode                     build/stm32f3xx_hal.o
HAL_DBGMCU_EnableDBGStandbyMode                   build/stm32f3xx_hal.o
HAL_DBGMCU_EnableDBGStopMode                      build/stm32f3xx_hal.o
HAL_DMA_Abort                                     build/stm32f3xx_hal_dma.o
                                                  build/stm32f3xx_hal_uart.o
                                                  build/stm32f3xx_hal_spi.o
                                                  build/stm32f3xx_hal_hrtim.o
HAL_DMA_Abort_IT                                  build/stm32f3xx_hal_dma.o
                                                  build/stm32f3xx_hal_uart.o
                                                  build/stm32f3xx_hal_tim_ex.o
                                                  build/stm32f3xx_hal_tim.o
                                                  build/stm32f3xx_hal_spi.o
                                                  build/stm32f3xx_hal_i2c.o
HAL_DMA_DeInit                                    build/stm32f3xx_hal_dma.o
                                                  build/usart.o
HAL_DMA_GetError                                  build/stm32f3xx_hal_dma.o
                                                  build/stm32f3xx_hal_uart.o
HAL_DMA_GetState                                  build/stm32f3xx_hal_dma.o
                                                  build/stm32f3xx_hal_i2c.o
HAL_DMA_IRQHandler                                build/stm32f3xx_hal_dma.o
                                                  build/stm32f3xx_it.o
HAL_DMA_Init                                      build/stm32f3xx_hal_dma.o
                                                  build/usart.o
HAL_DMA_PollForTransfer                           build/stm32f3xx_hal_dma.o
HAL_DMA_RegisterCallback                          build/stm32f3xx_hal_dma.o
HAL_DMA_Start                                     build/stm32f3xx_hal_dma.o
HAL_DMA_Start_IT                                  build/stm32f3xx_hal_dma.o
                                                  build/stm32f3xx_hal_uart.o
                                                  build/stm32f3xx_hal_tim_ex.o
                                                  build/stm32f3xx_hal_tim.o
                                                  build/stm32f3xx_hal_spi.o
                                                  build/stm32f3xx_hal_i2c.o
                                                  build/stm32f3xx_hal_hrtim.o
HAL_DMA_UnRegisterCallback                        build/stm32f3xx_hal_dma.o
HAL_DeInit                                        build/stm32f3xx_hal.o
HAL_Delay                                         build/stm32f3xx_hal.o
                                                  build/main.o
HAL_EXTI_ClearConfigLine                          build/stm32f3xx_hal_exti.o
HAL_EXTI_ClearPending                             build/stm32f3xx_hal_exti.o
HAL_EXTI_GenerateSWI                              build/stm32f3xx_hal_exti.o
HAL_EXTI_GetConfigLine                            build/stm32f3xx_hal_exti.o
HAL_EXTI_GetHandle                                build/stm32f3xx_hal_exti.o
HAL_EXTI_GetPending                               build/stm32f3xx_hal_exti.o
HAL_EXTI_IRQHandler                               build/stm32f3xx_hal_exti.o
HAL_EXTI_RegisterCallback                         build/stm32f3xx_hal_exti.o
HAL_EXTI_SetConfigLine                            build/stm32f3xx_hal_exti.o
HAL_FLASHEx_Erase                                 build/stm32f3xx_hal_flash_ex.o
HAL_FLASHEx_Erase_IT                              build/stm32f3xx_hal_flash_ex.o
HAL_FLASHEx_OBErase                               build/stm32f3xx_hal_flash_ex.o
HAL_FLASHEx_OBGetConfig                           build/stm32f3xx_hal_flash_ex.o
HAL_FLASHEx_OBGetUserData                         build/stm32f3xx_hal_flash_ex.o
HAL_FLASHEx_OBProgram                             build/stm32f3xx_hal_flash_ex.o
HAL_FLASH_EndOfOperationCallback                  build/stm32f3xx_hal_flash.o
HAL_FLASH_GetError                                build/stm32f3xx_hal_flash.o
HAL_FLASH_IRQHandler                              build/stm32f3xx_hal_flash.o
HAL_FLASH_Lock                                    build/stm32f3xx_hal_flash.o
HAL_FLASH_OB_Launch                               build/stm32f3xx_hal_flash.o
HAL_FLASH_OB_Lock                                 build/stm32f3xx_hal_flash.o
HAL_FLASH_OB_Unlock                               build/stm32f3xx_hal_flash.o
HAL_FLASH_OperationErrorCallback                  build/stm32f3xx_hal_flash.o
HAL_FLASH_Program                                 build/stm32f3xx_hal_flash.o
HAL_FLASH_Program_IT                              build/stm32f3xx_hal_flash.o
HAL_FLASH_Unlock                                  build/stm32f3xx_hal_flash.o
HAL_GPIO_DeInit                                   build/stm32f3xx_hal_gpio.o
                                                  build/usart.o
                                                  build/spi.o
                                                  build/i2c.o
HAL_GPIO_EXTI_Callback                            build/main.o
HAL_GPIO_EXTI_IRQHandler                          build/stm32f3xx_hal_gpio.o
                                                  build/stm32f3xx_it.o
HAL_GPIO_Init                                     build/stm32f3xx_hal_gpio.o
                                                  build/stm32f3xx_hal_rcc.o
                                                  build/usart.o
                                                  build/spi.o
                                                  build/i2c.o
                                                  build/hrtim.o
                                                  build/gpio.o
HAL_GPIO_LockPin                                  build/stm32f3xx_hal_gpio.o
HAL_GPIO_ReadPin                                  build/stm32f3xx_hal_gpio.o
HAL_GPIO_TogglePin                                build/stm32f3xx_hal_gpio.o
HAL_GPIO_WritePin                                 build/stm32f3xx_hal_gpio.o
                                                  build/sd_card_spi.o
                                                  build/main.o
                                                  build/gpio.o
                                                  build/adf4002.o
HAL_GetDEVID                                      build/stm32f3xx_hal.o
HAL_GetHalVersion                                 build/stm32f3xx_hal.o
HAL_GetREVID                                      build/stm32f3xx_hal.o
HAL_GetTick                                       build/stm32f3xx_hal.o
                                                  build/stm32f3xx_hal_uart_ex.o
                                                  build/stm32f3xx_hal_uart.o
                                                  build/stm32f3xx_hal_spi.o
                                                  build/stm32f3xx_hal_rcc_ex.o
                                                  build/stm32f3xx_hal_rcc.o
                                                  build/stm32f3xx_hal_i2c.o
                                                  build/stm32f3xx_hal_hrtim.o
                                                  build/stm32f3xx_hal_flash.o
                                                  build/stm32f3xx_hal_dma.o
                                                  build/sd_card_spi.o
HAL_GetTickFreq                                   build/stm32f3xx_hal.o
HAL_GetTickPrio                                   build/stm32f3xx_hal.o
HAL_GetUIDw0                                      build/stm32f3xx_hal.o
HAL_GetUIDw1                                      build/stm32f3xx_hal.o
HAL_GetUIDw2                                      build/stm32f3xx_hal.o
HAL_HRTIM_ADCTriggerConfig                        build/stm32f3xx_hal_hrtim.o
HAL_HRTIM_BurstDMAConfig                          build/stm32f3xx_hal_hrtim.o
HAL_HRTIM_BurstDMATransfer                        build/stm32f3xx_hal_hrtim.o
HAL_HRTIM_BurstDMATransferCallback                build/stm32f3xx_hal_hrtim.o
HAL_HRTIM_BurstModeConfig                         build/stm32f3xx_hal_hrtim.o
HAL_HRTIM_BurstModeCtl                            build/stm32f3xx_hal_hrtim.o
HAL_HRTIM_BurstModePeriodCallback                 build/stm32f3xx_hal_hrtim.o
HAL_HRTIM_BurstModeSoftwareTrigger                build/stm32f3xx_hal_hrtim.o
HAL_HRTIM_Capture1EventCallback                   build/stm32f3xx_hal_hrtim.o
HAL_HRTIM_Capture2EventCallback                   build/stm32f3xx_hal_hrtim.o
HAL_HRTIM_ChopperModeConfig                       build/stm32f3xx_hal_hrtim.o
HAL_HRTIM_Compare1EventCallback                   build/stm32f3xx_hal_hrtim.o
HAL_HRTIM_Compare2EventCallback                   build/stm32f3xx_hal_hrtim.o
HAL_HRTIM_Compare3EventCallback                   build/stm32f3xx_hal_hrtim.o
HAL_HRTIM_Compare4EventCallback                   build/stm32f3xx_hal_hrtim.o
HAL_HRTIM_CounterResetCallback                    build/stm32f3xx_hal_hrtim.o
HAL_HRTIM_DLLCalibrationReadyCallback             build/stm32f3xx_hal_hrtim.o
HAL_HRTIM_DLLCalibrationStart                     build/stm32f3xx_hal_hrtim.o
                                                  build/hrtim.o
HAL_HRTIM_DLLCalibrationStart_IT                  build/stm32f3xx_hal_hrtim.o
HAL_HRTIM_DeInit                                  build/stm32f3xx_hal_hrtim.o
HAL_HRTIM_DeadTimeConfig                          build/stm32f3xx_hal_hrtim.o
HAL_HRTIM_DelayedProtectionCallback               build/stm32f3xx_hal_hrtim.o
HAL_HRTIM_ErrorCallback                           build/stm32f3xx_hal_hrtim.o
HAL_HRTIM_EventConfig                             build/stm32f3xx_hal_hrtim.o
HAL_HRTIM_EventPrescalerConfig                    build/stm32f3xx_hal_hrtim.o
HAL_HRTIM_Fault1Callback                          build/stm32f3xx_hal_hrtim.o
HAL_HRTIM_Fault2Callback                          build/stm32f3xx_hal_hrtim.o
HAL_HRTIM_Fault3Callback                          build/stm32f3xx_hal_hrtim.o
HAL_HRTIM_Fault4Callback                          build/stm32f3xx_hal_hrtim.o
HAL_HRTIM_Fault5Callback                          build/stm32f3xx_hal_hrtim.o
HAL_HRTIM_FaultConfig                             build/stm32f3xx_hal_hrtim.o